Fri Apr 24 11:30:50 UTC 2026 - Executing "openroad -exit -no_init -python /openlane/scripts/odbpy/lefutil.py get_metal_layers -o /openlane/designs/serv_opt/runs/Routing/tmp/layers.list /home/ubuntu/.ciel/sky130A/libs.ref/sky130_fd_sc_hd/techlef/sky130_fd_sc_hd__nom.tlef"

Fri Apr 24 11:30:51 UTC 2026 - Executing "/openlane/scripts/mergeLef.py -o /openlane/designs/serv_opt/runs/Routing/tmp/merged.nom.lef -i /home/ubuntu/.ciel/sky130A/libs.ref/sky130_fd_sc_hd/techlef/sky130_fd_sc_hd__nom.tlef {/home/ubuntu/.ciel/sky130A/libs.ref/sky130_fd_sc_hd/lef/sky130_ef_sc_hd.lef /home/ubuntu/.ciel/sky130A/libs.ref/sky130_fd_sc_hd/lef/sky130_fd_sc_hd.lef} |& tee /dev/null"

Fri Apr 24 11:30:51 UTC 2026 - Executing "/openlane/scripts/mergeLef.py -o /openlane/designs/serv_opt/runs/Routing/tmp/merged.min.lef -i /home/ubuntu/.ciel/sky130A/libs.ref/sky130_fd_sc_hd/techlef/sky130_fd_sc_hd__min.tlef {/home/ubuntu/.ciel/sky130A/libs.ref/sky130_fd_sc_hd/lef/sky130_ef_sc_hd.lef /home/ubuntu/.ciel/sky130A/libs.ref/sky130_fd_sc_hd/lef/sky130_fd_sc_hd.lef} |& tee /dev/null"

Fri Apr 24 11:30:51 UTC 2026 - Executing "/openlane/scripts/mergeLef.py -o /openlane/designs/serv_opt/runs/Routing/tmp/merged.max.lef -i /home/ubuntu/.ciel/sky130A/libs.ref/sky130_fd_sc_hd/techlef/sky130_fd_sc_hd__max.tlef {/home/ubuntu/.ciel/sky130A/libs.ref/sky130_fd_sc_hd/lef/sky130_ef_sc_hd.lef /home/ubuntu/.ciel/sky130A/libs.ref/sky130_fd_sc_hd/lef/sky130_fd_sc_hd.lef} |& tee /dev/null"

Fri Apr 24 11:30:51 UTC 2026 - Executing "python3 /openlane/scripts/mergeLib.py --output /openlane/designs/serv_opt/runs/Routing/tmp/synthesis/merged.lib --name sky130A_merged /home/ubuntu/.ciel/sky130A/libs.ref/sky130_fd_sc_hd/lib/sky130_fd_sc_hd__tt_025C_1v80.lib"

Fri Apr 24 11:30:51 UTC 2026 - Executing "python3 /openlane/scripts/libtrim.py --cell-file /openlane/designs/serv_opt/runs/Routing/tmp/synthesis/trimmed.lib.exclude.list --output /openlane/designs/serv_opt/runs/Routing/tmp/synthesis/trimmed.lib /openlane/designs/serv_opt/runs/Routing/tmp/synthesis/merged.lib"

Fri Apr 24 11:30:51 UTC 2026 - Executing "python3 /openlane/scripts/libtrim.py --cell-file /openlane/designs/serv_opt/runs/Routing/tmp/cts/cts.lib.exclude.list --output /openlane/designs/serv_opt/runs/Routing/tmp/cts/cts.lib /home/ubuntu/.ciel/sky130A/libs.ref/sky130_fd_sc_hd/lib/sky130_fd_sc_hd__tt_025C_1v80.lib"

Fri Apr 24 11:30:52 UTC 2026 - Executing "python3 /openlane/scripts/libtrim.py --cell-file /openlane/designs/serv_opt/runs/Routing/tmp/cts/cts-fastest.lib.exclude.list --output /openlane/designs/serv_opt/runs/Routing/tmp/cts/cts-fastest.lib /home/ubuntu/.ciel/sky130A/libs.ref/sky130_fd_sc_hd/lib/sky130_fd_sc_hd__ff_n40C_1v95.lib"

Fri Apr 24 11:30:52 UTC 2026 - Executing "python3 /openlane/scripts/libtrim.py --cell-file /openlane/designs/serv_opt/runs/Routing/tmp/cts/cts-slowest.lib.exclude.list --output /openlane/designs/serv_opt/runs/Routing/tmp/cts/cts-slowest.lib /home/ubuntu/.ciel/sky130A/libs.ref/sky130_fd_sc_hd/lib/sky130_fd_sc_hd__ss_100C_1v60.lib"

Fri Apr 24 11:30:52 UTC 2026 - Executing "python3 /openlane/scripts/new_tracks.py -i /home/ubuntu/.ciel/sky130A/libs.tech/openlane/sky130_fd_sc_hd/tracks.info -o /openlane/designs/serv_opt/runs/Routing/tmp/routing/config.tracks"

Fri Apr 24 11:30:52 UTC 2026 - Executing "echo {OpenLane ff5509f65b17bfa4068d5336495ab1718987ff69} > /openlane/designs/serv_opt/runs/Routing/OPENLANE_COMMIT"

Fri Apr 24 11:31:01 UTC 2026 - Executing "sed -E {s/^([[:space:]]+)pg_pin(.*)/\1pin\2\n\1    direction : "inout";/g} /home/ubuntu/.ciel/sky130A/libs.ref/sky130_fd_sc_hd/lib/sky130_fd_sc_hd__tt_025C_1v80.lib > /openlane/designs/serv_opt/runs/Routing/tmp/synthesis/1-sky130_fd_sc_hd__tt_025C_1v80.no_pg.lib"

Fri Apr 24 11:31:01 UTC 2026 - Executing "sed -E {s/^([[:space:]]+)pg_pin(.*)/\1pin\2\n\1    direction : "inout";/g} /openlane/designs/serv_opt/runs/Routing/tmp/synthesis/trimmed.lib > /openlane/designs/serv_opt/runs/Routing/tmp/synthesis/1-trimmed.no_pg.lib"

Fri Apr 24 11:31:01 UTC 2026 - Executing "yosys -c /openlane/scripts/yosys/synth.tcl |& tee /dev/null /openlane/designs/serv_opt/runs/Routing/logs/synthesis/1-synthesis.log"

Fri Apr 24 11:31:03 UTC 2026 - Executing "sed -i.bak -e {s/\(set ::env(CURRENT_NETLIST)\).*/\1 \/openlane\/designs\/serv_opt\/runs\/Routing\/results\/synthesis\/serv_synth_wrapper.v/} /openlane/designs/serv_opt/runs/Routing/config.tcl"

Fri Apr 24 11:31:03 UTC 2026 - Executing "sed -i.bak /defparam/d /openlane/designs/serv_opt/runs/Routing/results/synthesis/serv_synth_wrapper.v"

Fri Apr 24 11:31:04 UTC 2026 - Executing "sta -exit -no_init /openlane/scripts/openroad/sta/multi_corner.tcl |& tee /dev/null /openlane/designs/serv_opt/runs/Routing/logs/synthesis/2-sta.log"

Fri Apr 24 11:31:14 UTC 2026 - Executing "openroad -exit /openlane/scripts/openroad/floorplan.tcl |& tee /dev/null /openlane/designs/serv_opt/runs/Routing/logs/floorplan/3-initial_fp.log"

Fri Apr 24 11:31:15 UTC 2026 - Executing "openroad -exit -no_init -python /openlane/scripts/odbpy/snap_to_grid.py --output /openlane/designs/serv_opt/runs/Routing/tmp/floorplan/3-minimized_pdn.txt --input-lef /openlane/designs/serv_opt/runs/Routing/tmp/merged.nom.lef 18.2275 18.02 36.455 36.04"

Fri Apr 24 11:31:15 UTC 2026 - Executing "openroad -exit -no_init -python /openlane/scripts/odbpy/defutil.py extract_core_dims --output-data /openlane/designs/serv_opt/runs/Routing/tmp/dimensions.txt --input-lef /openlane/designs/serv_opt/runs/Routing/tmp/merged.nom.lef /openlane/designs/serv_opt/runs/Routing/tmp/floorplan/3-initial_fp.def"

Fri Apr 24 11:31:15 UTC 2026 - Executing "openroad -exit /openlane/scripts/openroad/ioplacer.tcl |& tee /dev/null /openlane/designs/serv_opt/runs/Routing/logs/floorplan/4-io.log"

Fri Apr 24 11:31:16 UTC 2026 - Executing "openroad -exit /openlane/scripts/openroad/tapcell.tcl |& tee /dev/null /openlane/designs/serv_opt/runs/Routing/logs/floorplan/5-tap.log"

Fri Apr 24 11:31:16 UTC 2026 - Executing "openroad -exit /openlane/scripts/openroad/pdn.tcl |& tee /dev/null /openlane/designs/serv_opt/runs/Routing/logs/floorplan/6-pdn.log"

Fri Apr 24 11:31:25 UTC 2026 - Executing "openroad -exit /openlane/scripts/openroad/gpl.tcl |& tee /dev/null /openlane/designs/serv_opt/runs/Routing/logs/placement/7-global.log"

Fri Apr 24 11:31:25 UTC 2026 - Executing "sed -i.bak -e {s/\(set ::env(CURRENT_NETLIST)\).*/\1 \/openlane\/designs\/serv_opt\/runs\/Routing\/tmp\/placement\/7-global.nl.v/} /openlane/designs/serv_opt/runs/Routing/config.tcl"

Fri Apr 24 11:31:26 UTC 2026 - Executing "openroad -exit /openlane/scripts/openroad/sta/multi_corner.tcl |& tee /dev/null /openlane/designs/serv_opt/runs/Routing/logs/placement/8-gpl_sta.log"

Fri Apr 24 11:31:26 UTC 2026 - Executing "openroad -exit /openlane/scripts/openroad/resizer.tcl |& tee /dev/null /openlane/designs/serv_opt/runs/Routing/logs/placement/9-resizer.log"

Fri Apr 24 11:31:28 UTC 2026 - Executing "sed -i.bak -e {s/\(set ::env(CURRENT_NETLIST)\).*/\1 \/openlane\/designs\/serv_opt\/runs\/Routing\/tmp\/placement\/9-resizer.nl.v/} /openlane/designs/serv_opt/runs/Routing/config.tcl"

Fri Apr 24 11:31:28 UTC 2026 - Executing "openroad -exit /openlane/scripts/openroad/dpl.tcl |& tee /dev/null /openlane/designs/serv_opt/runs/Routing/logs/placement/10-detailed.log"

Fri Apr 24 11:31:28 UTC 2026 - Executing "sed -i.bak -e {s/\(set ::env(CURRENT_NETLIST)\).*/\1 \/openlane\/designs\/serv_opt\/runs\/Routing\/results\/placement\/serv_synth_wrapper.nl.v/} /openlane/designs/serv_opt/runs/Routing/config.tcl"

Fri Apr 24 11:31:28 UTC 2026 - Executing "openroad -exit /openlane/scripts/openroad/sta/multi_corner.tcl |& tee /dev/null /openlane/designs/serv_opt/runs/Routing/logs/placement/11-dpl_sta.log"

Fri Apr 24 11:31:33 UTC 2026 - Executing "openroad -exit /openlane/scripts/openroad/cts.tcl |& tee /dev/null /openlane/designs/serv_opt/runs/Routing/logs/cts/12-cts.log"

Fri Apr 24 11:31:57 UTC 2026 - Executing "openroad -exit /openlane/scripts/openroad/sta/multi_corner.tcl |& tee /dev/null /openlane/designs/serv_opt/runs/Routing/logs/cts/13-cts_sta.log"

Fri Apr 24 11:32:28 UTC 2026 - Executing "openroad -exit /openlane/scripts/openroad/resizer_routing_design.tcl |& tee /dev/null /openlane/designs/serv_opt/runs/Routing/logs/routing/14-resizer_design.log"

Fri Apr 24 11:32:29 UTC 2026 - Executing "sed -i.bak -e {s/\(set ::env(CURRENT_NETLIST)\).*/\1 \/openlane\/designs\/serv_opt\/runs\/Routing\/tmp\/14-serv_synth_wrapper.nl.v/} /openlane/designs/serv_opt/runs/Routing/config.tcl"

Fri Apr 24 11:32:30 UTC 2026 - Executing "openroad -exit /openlane/scripts/openroad/sta/multi_corner.tcl |& tee /dev/null /openlane/designs/serv_opt/runs/Routing/logs/routing/15-rsz_design_sta.log"

Fri Apr 24 11:32:30 UTC 2026 - Executing "openroad -exit /openlane/scripts/openroad/resizer_routing_timing.tcl |& tee /dev/null /openlane/designs/serv_opt/runs/Routing/logs/routing/16-resizer_timing.log"

Fri Apr 24 11:32:32 UTC 2026 - Executing "sed -i.bak -e {s/\(set ::env(CURRENT_NETLIST)\).*/\1 \/openlane\/designs\/serv_opt\/runs\/Routing\/tmp\/16-serv_synth_wrapper.nl.v/} /openlane/designs/serv_opt/runs/Routing/config.tcl"

Fri Apr 24 11:32:32 UTC 2026 - Executing "openroad -exit /openlane/scripts/openroad/sta/multi_corner.tcl |& tee /dev/null /openlane/designs/serv_opt/runs/Routing/logs/routing/17-rsz_timing_sta.log"

Fri Apr 24 11:32:33 UTC 2026 - Executing "openroad -exit /openlane/scripts/openroad/groute.tcl |& tee /dev/null /openlane/designs/serv_opt/runs/Routing/logs/routing/18-global.log"

Fri Apr 24 11:32:34 UTC 2026 - Executing "openroad -exit /openlane/scripts/openroad/write_views.tcl |& tee /dev/null /openlane/designs/serv_opt/runs/Routing/logs/routing/18-global_write_netlist.log"

Fri Apr 24 11:32:34 UTC 2026 - Executing "sed -i.bak -e {s/\(set ::env(CURRENT_NETLIST)\).*/\1 \/openlane\/designs\/serv_opt\/runs\/Routing\/tmp\/routing\/global.nl.v/} /openlane/designs/serv_opt/runs/Routing/config.tcl"

Fri Apr 24 11:32:34 UTC 2026 - Executing "openroad -exit /openlane/scripts/openroad/sta/multi_corner.tcl |& tee /dev/null /openlane/designs/serv_opt/runs/Routing/logs/routing/20-grt_sta.log"

Fri Apr 24 11:32:35 UTC 2026 - Executing "openroad -exit /openlane/scripts/openroad/fill.tcl |& tee /dev/null /openlane/designs/serv_opt/runs/Routing/logs/routing/21-fill.log"

Fri Apr 24 11:32:35 UTC 2026 - Executing "sed -i.bak -e {s/\(set ::env(CURRENT_NETLIST)\).*/\1 \/openlane\/designs\/serv_opt\/runs\/Routing\/tmp\/routing\/21-fill.nl.v/} /openlane/designs/serv_opt/runs/Routing/config.tcl"

Fri Apr 24 11:32:35 UTC 2026 - Executing "openroad -exit /openlane/scripts/openroad/droute.tcl |& tee /dev/null /openlane/designs/serv_opt/runs/Routing/logs/routing/22-detailed.log"

Fri Apr 24 11:33:47 UTC 2026 - Executing "sed -i.bak -e {s/\(set ::env(CURRENT_NETLIST)\).*/\1 \/openlane\/designs\/serv_opt\/runs\/Routing\/results\/routing\/serv_synth_wrapper.nl.v/} /openlane/designs/serv_opt/runs/Routing/config.tcl"

Fri Apr 24 11:33:47 UTC 2026 - Executing "python3 /openlane/scripts/drc_rosetta.py tr to_klayout -o /openlane/designs/serv_opt/runs/Routing/reports/routing/drt.klayout.xml --design-name serv_synth_wrapper /openlane/designs/serv_opt/runs/Routing/reports/routing/drt.drc"

Fri Apr 24 11:33:47 UTC 2026 - Executing "openroad -exit -no_init -python /openlane/scripts/odbpy/wire_lengths.py --report-out /openlane/designs/serv_opt/runs/Routing/reports/routing/23-wire_lengths.csv --input-lef /openlane/designs/serv_opt/runs/Routing/tmp/merged.nom.lef --output-def /dev/null --output /openlane/designs/serv_opt/runs/Routing/results/routing/serv_synth_wrapper.odb /openlane/designs/serv_opt/runs/Routing/results/routing/serv_synth_wrapper.odb |& tee /dev/null /openlane/designs/serv_opt/runs/Routing/logs/routing/23-wire_lengths.log"

Fri Apr 24 11:33:53 UTC 2026 - Executing "magic -noconsole -dnull -rcfile /home/ubuntu/.ciel/sky130A/libs.tech/magic/sky130A.magicrc < /openlane/scripts/magic/wrapper.tcl |& tee /dev/null /openlane/designs/serv_opt/runs/Routing/logs/signoff/24-gdsii.log"

Fri Apr 24 11:33:54 UTC 2026 - Executing "magic -noconsole -dnull -rcfile /home/ubuntu/.ciel/sky130A/libs.tech/magic/sky130A.magicrc < /openlane/scripts/magic/wrapper.tcl |& tee /dev/null /openlane/designs/serv_opt/runs/Routing/logs/signoff/24-gds_ptrs.log"

Fri Apr 24 11:33:54 UTC 2026 - Executing "sed -i.bak -n {/^<< properties >>/,/^<< end >>/p} /openlane/designs/serv_opt/runs/Routing/tmp/signoff/gds_ptrs.mag"

Fri Apr 24 11:33:54 UTC 2026 - Executing "magic -noconsole -dnull -rcfile /home/ubuntu/.ciel/sky130A/libs.tech/magic/sky130A.magicrc < /openlane/scripts/magic/wrapper.tcl |& tee /dev/null /openlane/designs/serv_opt/runs/Routing/logs/signoff/24-lef.log"

Fri Apr 24 11:33:55 UTC 2026 - Executing "magic -noconsole -dnull -rcfile /home/ubuntu/.ciel/sky130A/libs.tech/magic/sky130A.magicrc < /openlane/scripts/magic/wrapper.tcl |& tee /dev/null /openlane/designs/serv_opt/runs/Routing/logs/signoff/24-maglef.log"

Fri Apr 24 11:34:06 UTC 2026 - Executing "magic -noconsole -dnull -rcfile /home/ubuntu/.ciel/sky130A/libs.tech/magic/sky130A.magicrc < /openlane/scripts/magic/wrapper.tcl |& tee /dev/null /openlane/designs/serv_opt/runs/Routing/logs/signoff/25-spice.log"

Fri Apr 24 11:34:13 UTC 2026 - Executing "openroad -exit -no_init -python /openlane/scripts/odbpy/power_utils.py write_powered_def --output /openlane/designs/serv_opt/runs/Routing/tmp/signoff/25-serv_synth_wrapper.p.def --input-lef /openlane/designs/serv_opt/runs/Routing/tmp/merged.nom.lef --power-port VPWR --ground-port VGND --powered-netlist {} /openlane/designs/serv_opt/runs/Routing/results/routing/serv_synth_wrapper.def |& tee /dev/null /openlane/designs/serv_opt/runs/Routing/logs/signoff/26-write_powered_def.log"

Fri Apr 24 11:34:13 UTC 2026 - Executing "openroad -exit /openlane/scripts/openroad/write_views.tcl |& tee /dev/null /openlane/designs/serv_opt/runs/Routing/logs/signoff/26-write_powered_verilog.log"

Fri Apr 24 11:34:14 UTC 2026 - Executing "sed -i.bak -e {s/\(set ::env(CURRENT_NETLIST)\).*/\1 \/openlane\/designs\/serv_opt\/runs\/Routing\/tmp\/signoff\/25-serv_synth_wrapper.nl.v/} /openlane/designs/serv_opt/runs/Routing/config.tcl"

Fri Apr 24 11:34:14 UTC 2026 - Executing "netgen -batch source /openlane/designs/serv_opt/runs/Routing/tmp/signoff/28-setup_file.lef.lvs |& tee /dev/null /openlane/designs/serv_opt/runs/Routing/logs/signoff/28-lvs.lef.log"

Fri Apr 24 11:45:10 UTC 2026 - Executing "magic -noconsole -dnull -rcfile /home/ubuntu/.ciel/sky130A/libs.tech/magic/sky130A.magicrc < /openlane/scripts/magic/wrapper.tcl |& tee /dev/null /openlane/designs/serv_opt/runs/Routing/logs/signoff/29-drc.log"

Fri Apr 24 11:45:11 UTC 2026 - Executing "python3 /openlane/scripts/drc_rosetta.py magic to_tcl -o /openlane/designs/serv_opt/runs/Routing/reports/signoff/drc.tcl /openlane/designs/serv_opt/runs/Routing/reports/signoff/drc.rpt"

Fri Apr 24 11:45:11 UTC 2026 - Executing "python3 /openlane/scripts/drc_rosetta.py magic to_tr -o /openlane/designs/serv_opt/runs/Routing/reports/signoff/drc.tr /openlane/designs/serv_opt/runs/Routing/reports/signoff/drc.rpt"

Fri Apr 24 11:45:11 UTC 2026 - Executing "python3 /openlane/scripts/drc_rosetta.py tr to_klayout -o /openlane/designs/serv_opt/runs/Routing/reports/signoff/drc.klayout.xml --design-name serv_synth_wrapper /openlane/designs/serv_opt/runs/Routing/reports/signoff/drc.tr"

Fri Apr 24 11:45:11 UTC 2026 - Executing "python3 /openlane/scripts/drc_rosetta.py magic to_rdb -o /openlane/designs/serv_opt/runs/Routing/reports/signoff/drc.rdb /openlane/designs/serv_opt/runs/Routing/reports/signoff/drc.rpt"

Fri Apr 24 11:46:35 UTC 2026 - Executing "magic -noconsole -dnull -rcfile /home/ubuntu/.ciel/sky130A/libs.tech/magic/sky130A.magicrc < /openlane/scripts/magic/wrapper.tcl |& tee /dev/null /openlane/designs/serv_opt/runs/Routing/logs/signoff/30-spice.log"

Fri Apr 24 11:46:45 UTC 2026 - Executing "openroad -exit -no_init -python /openlane/scripts/odbpy/power_utils.py write_powered_def --output /openlane/designs/serv_opt/runs/Routing/tmp/signoff/30-serv_synth_wrapper.p.def --input-lef /openlane/designs/serv_opt/runs/Routing/tmp/merged.nom.lef --power-port VPWR --ground-port VGND --powered-netlist {} /openlane/designs/serv_opt/runs/Routing/tmp/signoff/25-serv_synth_wrapper.p.def |& tee /dev/null /openlane/designs/serv_opt/runs/Routing/logs/signoff/31-write_powered_def.log"

Fri Apr 24 11:46:46 UTC 2026 - Executing "openroad -exit /openlane/scripts/openroad/write_views.tcl |& tee /dev/null /openlane/designs/serv_opt/runs/Routing/logs/signoff/31-write_powered_verilog.log"

Fri Apr 24 11:46:46 UTC 2026 - Executing "sed -i.bak -e {s/\(set ::env(CURRENT_NETLIST)\).*/\1 \/openlane\/designs\/serv_opt\/runs\/Routing\/tmp\/signoff\/30-serv_synth_wrapper.nl.v/} /openlane/designs/serv_opt/runs/Routing/config.tcl"

Fri Apr 24 11:46:46 UTC 2026 - Executing "netgen -batch source /openlane/designs/serv_opt/runs/Routing/tmp/signoff/33-setup_file.lef.lvs |& tee /dev/null /openlane/designs/serv_opt/runs/Routing/logs/signoff/33-lvs.lef.log"

Fri Apr 24 11:48:49 UTC 2026 - Executing "openroad -exit /openlane/scripts/openroad/rcx.tcl |& tee /dev/null /openlane/designs/serv_opt/runs/Routing/logs/signoff/34-parasitics_extraction.min.log"

Fri Apr 24 11:48:50 UTC 2026 - Executing "sta -exit -no_init /openlane/scripts/openroad/sta/multi_corner.tcl |& tee /dev/null /openlane/designs/serv_opt/runs/Routing/logs/signoff/35-rcx_mcsta.min.log"

Fri Apr 24 11:48:52 UTC 2026 - Executing "openroad -exit /openlane/scripts/openroad/rcx.tcl |& tee /dev/null /openlane/designs/serv_opt/runs/Routing/logs/signoff/36-parasitics_extraction.max.log"

Fri Apr 24 11:48:53 UTC 2026 - Executing "sta -exit -no_init /openlane/scripts/openroad/sta/multi_corner.tcl |& tee /dev/null /openlane/designs/serv_opt/runs/Routing/logs/signoff/37-rcx_mcsta.max.log"

Fri Apr 24 11:48:56 UTC 2026 - Executing "openroad -exit /openlane/scripts/openroad/rcx.tcl |& tee /dev/null /openlane/designs/serv_opt/runs/Routing/logs/signoff/38-parasitics_extraction.nom.log"

Fri Apr 24 11:48:57 UTC 2026 - Executing "sta -exit -no_init /openlane/scripts/openroad/sta/multi_corner.tcl |& tee /dev/null /openlane/designs/serv_opt/runs/Routing/logs/signoff/39-rcx_mcsta.nom.log"

Fri Apr 24 11:48:59 UTC 2026 - Executing "sta -exit -no_init /openlane/scripts/openroad/sta/multi_corner.tcl |& tee /dev/null /openlane/designs/serv_opt/runs/Routing/logs/signoff/40-rcx_sta.log"

