[INFO]: Run Directory: /openlane/designs/serv_opt/runs/Routing
[INFO]: Saving runtime environment...
[INFO]: Preparing LEF files for the nom corner...
[INFO]: Preparing LEF files for the min corner...
[INFO]: Preparing LEF files for the max corner...
[INFO]: Running Synthesis (log: designs/serv_opt/runs/Routing/logs/synthesis/1-synthesis.log)...
[INFO]: Running Single-Corner Static Timing Analysis (log: designs/serv_opt/runs/Routing/logs/synthesis/2-sta.log)...
[INFO]: Running Initial Floorplanning (log: designs/serv_opt/runs/Routing/logs/floorplan/3-initial_fp.log)...
[WARNING]: Current core area is too small for the power grid settings chosen. The power grid will be scaled down.
[INFO]: Floorplanned with width 145.82 and height 144.16.
[INFO]: Running IO Placement...
[INFO]: Running Tap/Decap Insertion (log: designs/serv_opt/runs/Routing/logs/floorplan/5-tap.log)...
[INFO]: Power planning with power {VPWR} and ground {VGND}...
[INFO]: Generating PDN (log: designs/serv_opt/runs/Routing/logs/floorplan/6-pdn.log)...
[INFO]: Running Global Placement (log: designs/serv_opt/runs/Routing/logs/placement/7-global.log)...
[INFO]: Running Single-Corner Static Timing Analysis (log: designs/serv_opt/runs/Routing/logs/placement/8-gpl_sta.log)...
[INFO]: Running Placement Resizer Design Optimizations (log: designs/serv_opt/runs/Routing/logs/placement/9-resizer.log)...
[INFO]: Running Detailed Placement (log: designs/serv_opt/runs/Routing/logs/placement/10-detailed.log)...
[INFO]: Running Single-Corner Static Timing Analysis (log: designs/serv_opt/runs/Routing/logs/placement/11-dpl_sta.log)...
[INFO]: Running Clock Tree Synthesis (log: designs/serv_opt/runs/Routing/logs/cts/12-cts.log)...
[INFO]: Running Single-Corner Static Timing Analysis (log: designs/serv_opt/runs/Routing/logs/cts/13-cts_sta.log)...
[INFO]: Running Global Routing Resizer Design Optimizations (log: designs/serv_opt/runs/Routing/logs/routing/14-resizer_design.log)...
[INFO]: Running Single-Corner Static Timing Analysis (log: designs/serv_opt/runs/Routing/logs/routing/15-rsz_design_sta.log)...
[INFO]: Running Global Routing Resizer Timing Optimizations (log: designs/serv_opt/runs/Routing/logs/routing/16-resizer_timing.log)...
[INFO]: Running Single-Corner Static Timing Analysis (log: designs/serv_opt/runs/Routing/logs/routing/17-rsz_timing_sta.log)...
[INFO]: Running Global Routing (log: designs/serv_opt/runs/Routing/logs/routing/18-global.log)...
[INFO]: Starting OpenROAD Antenna Repair Iterations...
[INFO]: Writing Verilog (log: designs/serv_opt/runs/Routing/logs/routing/18-global_write_netlist.log)...
[INFO]: Running Single-Corner Static Timing Analysis (log: designs/serv_opt/runs/Routing/logs/routing/20-grt_sta.log)...
[INFO]: Running Fill Insertion (log: designs/serv_opt/runs/Routing/logs/routing/21-fill.log)...
[INFO]: Running Detailed Routing (log: designs/serv_opt/runs/Routing/logs/routing/22-detailed.log)...
[INFO]: No DRC violations after detailed routing.
[INFO]: Checking Wire Lengths (log: designs/serv_opt/runs/Routing/logs/routing/23-wire_lengths.log)...
[INFO]: Running Magic to generate various views...
[INFO]: Streaming out GDSII with Magic (log: designs/serv_opt/runs/Routing/logs/signoff/24-gdsii.log)...
[INFO]: Generating MAGLEF views...
[INFO]: Generating lef with Magic (/openlane/designs/serv_opt/runs/Routing/logs/signoff/24-lef.log)...
[INFO]: Running Magic Spice Export from LEF (log: designs/serv_opt/runs/Routing/logs/signoff/25-spice.log)...
[INFO]: Writing Powered Verilog (logs: designs/serv_opt/runs/Routing/logs/signoff/26-write_powered_def.log, designs/serv_opt/runs/Routing/logs/signoff/26-write_powered_verilog.log)...
[INFO]: Writing Verilog (log: designs/serv_opt/runs/Routing/logs/signoff/26-write_powered_verilog.log)...
[INFO]: Running LVS (log: designs/serv_opt/runs/Routing/logs/signoff/28-lvs.lef.log)...
[INFO]: Running Magic DRC (log: designs/serv_opt/runs/Routing/logs/signoff/29-drc.log)...
[INFO]: Converting Magic DRC database to various tool-readable formats...
[INFO]: No DRC violations after GDS streaming out.
[INFO]: Running Magic Spice Export from LEF (log: designs/serv_opt/runs/Routing/logs/signoff/30-spice.log)...
[INFO]: Writing Powered Verilog (logs: designs/serv_opt/runs/Routing/logs/signoff/31-write_powered_def.log, designs/serv_opt/runs/Routing/logs/signoff/31-write_powered_verilog.log)...
[INFO]: Writing Verilog (log: designs/serv_opt/runs/Routing/logs/signoff/31-write_powered_verilog.log)...
[INFO]: Running LVS (log: designs/serv_opt/runs/Routing/logs/signoff/33-lvs.lef.log)...
[INFO]: Running SPEF Extraction at the min process corner (log: designs/serv_opt/runs/Routing/logs/signoff/34-parasitics_extraction.min.log)...
[INFO]: Running Multi-Corner Static Timing Analysis at the min process corner (log: designs/serv_opt/runs/Routing/logs/signoff/35-rcx_mcsta.min.log)...
[INFO]: Running SPEF Extraction at the max process corner (log: designs/serv_opt/runs/Routing/logs/signoff/36-parasitics_extraction.max.log)...
[INFO]: Running Multi-Corner Static Timing Analysis at the max process corner (log: designs/serv_opt/runs/Routing/logs/signoff/37-rcx_mcsta.max.log)...
[INFO]: Running SPEF Extraction at the nom process corner (log: designs/serv_opt/runs/Routing/logs/signoff/38-parasitics_extraction.nom.log)...
[INFO]: Running Multi-Corner Static Timing Analysis at the nom process corner (log: designs/serv_opt/runs/Routing/logs/signoff/39-rcx_mcsta.nom.log)...
[INFO]: Running Single-Corner Static Timing Analysis at the nom process corner (log: designs/serv_opt/runs/Routing/logs/signoff/40-rcx_sta.log)...
[WARNING]: Module sky130_fd_sc_hd__fill_1 blackboxed during sta
[WARNING]: Module sky130_fd_sc_hd__fill_2 blackboxed during sta
[WARNING]: Module sky130_ef_sc_hd__decap_12 blackboxed during sta
[WARNING]: Module sky130_fd_sc_hd__tapvpwrvgnd_1 blackboxed during sta
