Wed Apr 08 08:37:41 UTC 2026 - Executing "openroad -exit -no_init -python /openlane/scripts/odbpy/lefutil.py get_metal_layers -o /openlane/designs/serv_opt/runs/RUN_2026.04.08_08.37.40/tmp/layers.list /home/ubuntu/.ciel/sky130A/libs.ref/sky130_fd_sc_hd/techlef/sky130_fd_sc_hd__nom.tlef"

Wed Apr 08 08:37:42 UTC 2026 - Executing "/openlane/scripts/mergeLef.py -o /openlane/designs/serv_opt/runs/RUN_2026.04.08_08.37.40/tmp/merged.nom.lef -i /home/ubuntu/.ciel/sky130A/libs.ref/sky130_fd_sc_hd/techlef/sky130_fd_sc_hd__nom.tlef {/home/ubuntu/.ciel/sky130A/libs.ref/sky130_fd_sc_hd/lef/sky130_ef_sc_hd.lef /home/ubuntu/.ciel/sky130A/libs.ref/sky130_fd_sc_hd/lef/sky130_fd_sc_hd.lef} |& tee /dev/null"

Wed Apr 08 08:37:42 UTC 2026 - Executing "/openlane/scripts/mergeLef.py -o /openlane/designs/serv_opt/runs/RUN_2026.04.08_08.37.40/tmp/merged.min.lef -i /home/ubuntu/.ciel/sky130A/libs.ref/sky130_fd_sc_hd/techlef/sky130_fd_sc_hd__min.tlef {/home/ubuntu/.ciel/sky130A/libs.ref/sky130_fd_sc_hd/lef/sky130_ef_sc_hd.lef /home/ubuntu/.ciel/sky130A/libs.ref/sky130_fd_sc_hd/lef/sky130_fd_sc_hd.lef} |& tee /dev/null"

Wed Apr 08 08:37:42 UTC 2026 - Executing "/openlane/scripts/mergeLef.py -o /openlane/designs/serv_opt/runs/RUN_2026.04.08_08.37.40/tmp/merged.max.lef -i /home/ubuntu/.ciel/sky130A/libs.ref/sky130_fd_sc_hd/techlef/sky130_fd_sc_hd__max.tlef {/home/ubuntu/.ciel/sky130A/libs.ref/sky130_fd_sc_hd/lef/sky130_ef_sc_hd.lef /home/ubuntu/.ciel/sky130A/libs.ref/sky130_fd_sc_hd/lef/sky130_fd_sc_hd.lef} |& tee /dev/null"

Wed Apr 08 08:37:42 UTC 2026 - Executing "python3 /openlane/scripts/mergeLib.py --output /openlane/designs/serv_opt/runs/RUN_2026.04.08_08.37.40/tmp/synthesis/merged.lib --name sky130A_merged /home/ubuntu/.ciel/sky130A/libs.ref/sky130_fd_sc_hd/lib/sky130_fd_sc_hd__tt_025C_1v80.lib"

Wed Apr 08 08:37:42 UTC 2026 - Executing "python3 /openlane/scripts/libtrim.py --cell-file /openlane/designs/serv_opt/runs/RUN_2026.04.08_08.37.40/tmp/synthesis/trimmed.lib.exclude.list --output /openlane/designs/serv_opt/runs/RUN_2026.04.08_08.37.40/tmp/synthesis/trimmed.lib /openlane/designs/serv_opt/runs/RUN_2026.04.08_08.37.40/tmp/synthesis/merged.lib"

Wed Apr 08 08:37:43 UTC 2026 - Executing "python3 /openlane/scripts/libtrim.py --cell-file /openlane/designs/serv_opt/runs/RUN_2026.04.08_08.37.40/tmp/cts/cts.lib.exclude.list --output /openlane/designs/serv_opt/runs/RUN_2026.04.08_08.37.40/tmp/cts/cts.lib /home/ubuntu/.ciel/sky130A/libs.ref/sky130_fd_sc_hd/lib/sky130_fd_sc_hd__tt_025C_1v80.lib"

Wed Apr 08 08:37:43 UTC 2026 - Executing "python3 /openlane/scripts/libtrim.py --cell-file /openlane/designs/serv_opt/runs/RUN_2026.04.08_08.37.40/tmp/cts/cts-fastest.lib.exclude.list --output /openlane/designs/serv_opt/runs/RUN_2026.04.08_08.37.40/tmp/cts/cts-fastest.lib /home/ubuntu/.ciel/sky130A/libs.ref/sky130_fd_sc_hd/lib/sky130_fd_sc_hd__ff_n40C_1v95.lib"

Wed Apr 08 08:37:43 UTC 2026 - Executing "python3 /openlane/scripts/libtrim.py --cell-file /openlane/designs/serv_opt/runs/RUN_2026.04.08_08.37.40/tmp/cts/cts-slowest.lib.exclude.list --output /openlane/designs/serv_opt/runs/RUN_2026.04.08_08.37.40/tmp/cts/cts-slowest.lib /home/ubuntu/.ciel/sky130A/libs.ref/sky130_fd_sc_hd/lib/sky130_fd_sc_hd__ss_100C_1v60.lib"

Wed Apr 08 08:37:43 UTC 2026 - Executing "python3 /openlane/scripts/new_tracks.py -i /home/ubuntu/.ciel/sky130A/libs.tech/openlane/sky130_fd_sc_hd/tracks.info -o /openlane/designs/serv_opt/runs/RUN_2026.04.08_08.37.40/tmp/routing/config.tracks"

Wed Apr 08 08:37:43 UTC 2026 - Executing "echo {OpenLane ff5509f65b17bfa4068d5336495ab1718987ff69} > /openlane/designs/serv_opt/runs/RUN_2026.04.08_08.37.40/OPENLANE_COMMIT"

Wed Apr 08 08:37:51 UTC 2026 - Executing "sed -E {s/^([[:space:]]+)pg_pin(.*)/\1pin\2\n\1    direction : "inout";/g} /home/ubuntu/.ciel/sky130A/libs.ref/sky130_fd_sc_hd/lib/sky130_fd_sc_hd__tt_025C_1v80.lib > /openlane/designs/serv_opt/runs/RUN_2026.04.08_08.37.40/tmp/synthesis/1-sky130_fd_sc_hd__tt_025C_1v80.no_pg.lib"

Wed Apr 08 08:37:51 UTC 2026 - Executing "sed -E {s/^([[:space:]]+)pg_pin(.*)/\1pin\2\n\1    direction : "inout";/g} /openlane/designs/serv_opt/runs/RUN_2026.04.08_08.37.40/tmp/synthesis/trimmed.lib > /openlane/designs/serv_opt/runs/RUN_2026.04.08_08.37.40/tmp/synthesis/1-trimmed.no_pg.lib"

Wed Apr 08 08:37:51 UTC 2026 - Executing "yosys -c /openlane/scripts/yosys/synth.tcl |& tee /dev/null /openlane/designs/serv_opt/runs/RUN_2026.04.08_08.37.40/logs/synthesis/1-synthesis.log"

Wed Apr 08 08:37:54 UTC 2026 - Executing "sed -i.bak -e {s/\(set ::env(CURRENT_NETLIST)\).*/\1 \/openlane\/designs\/serv_opt\/runs\/RUN_2026.04.08_08.37.40\/results\/synthesis\/serv_synth_wrapper.v/} /openlane/designs/serv_opt/runs/RUN_2026.04.08_08.37.40/config.tcl"

Wed Apr 08 08:37:54 UTC 2026 - Executing "sed -i.bak /defparam/d /openlane/designs/serv_opt/runs/RUN_2026.04.08_08.37.40/results/synthesis/serv_synth_wrapper.v"

Wed Apr 08 08:37:54 UTC 2026 - Executing "sta -exit -no_init /openlane/scripts/openroad/sta/multi_corner.tcl |& tee /dev/null /openlane/designs/serv_opt/runs/RUN_2026.04.08_08.37.40/logs/synthesis/2-sta.log"

Wed Apr 08 08:38:00 UTC 2026 - Executing "openroad -exit /openlane/scripts/openroad/floorplan.tcl |& tee /dev/null /openlane/designs/serv_opt/runs/RUN_2026.04.08_08.37.40/logs/floorplan/3-initial_fp.log"

Wed Apr 08 08:38:01 UTC 2026 - Executing "openroad -exit -no_init -python /openlane/scripts/odbpy/snap_to_grid.py --output /openlane/designs/serv_opt/runs/RUN_2026.04.08_08.37.40/tmp/floorplan/3-minimized_pdn.txt --input-lef /openlane/designs/serv_opt/runs/RUN_2026.04.08_08.37.40/tmp/merged.nom.lef 18.2275 18.02 36.455 36.04"

Wed Apr 08 08:38:01 UTC 2026 - Executing "openroad -exit -no_init -python /openlane/scripts/odbpy/defutil.py extract_core_dims --output-data /openlane/designs/serv_opt/runs/RUN_2026.04.08_08.37.40/tmp/dimensions.txt --input-lef /openlane/designs/serv_opt/runs/RUN_2026.04.08_08.37.40/tmp/merged.nom.lef /openlane/designs/serv_opt/runs/RUN_2026.04.08_08.37.40/tmp/floorplan/3-initial_fp.def"

Wed Apr 08 08:38:01 UTC 2026 - Executing "openroad -exit /openlane/scripts/openroad/ioplacer.tcl |& tee /dev/null /openlane/designs/serv_opt/runs/RUN_2026.04.08_08.37.40/logs/floorplan/4-io.log"

Wed Apr 08 08:38:02 UTC 2026 - Executing "openroad -exit /openlane/scripts/openroad/tapcell.tcl |& tee /dev/null /openlane/designs/serv_opt/runs/RUN_2026.04.08_08.37.40/logs/floorplan/5-tap.log"

Wed Apr 08 08:38:02 UTC 2026 - Executing "openroad -exit /openlane/scripts/openroad/pdn.tcl |& tee /dev/null /openlane/designs/serv_opt/runs/RUN_2026.04.08_08.37.40/logs/floorplan/6-pdn.log"

Wed Apr 08 08:38:10 UTC 2026 - Executing "openroad -exit /openlane/scripts/openroad/gpl.tcl |& tee /dev/null /openlane/designs/serv_opt/runs/RUN_2026.04.08_08.37.40/logs/placement/7-global.log"

Wed Apr 08 08:38:11 UTC 2026 - Executing "sed -i.bak -e {s/\(set ::env(CURRENT_NETLIST)\).*/\1 \/openlane\/designs\/serv_opt\/runs\/RUN_2026.04.08_08.37.40\/tmp\/placement\/7-global.nl.v/} /openlane/designs/serv_opt/runs/RUN_2026.04.08_08.37.40/config.tcl"

Wed Apr 08 08:38:11 UTC 2026 - Executing "openroad -exit /openlane/scripts/openroad/sta/multi_corner.tcl |& tee /dev/null /openlane/designs/serv_opt/runs/RUN_2026.04.08_08.37.40/logs/placement/8-gpl_sta.log"

Wed Apr 08 08:38:12 UTC 2026 - Executing "openroad -exit /openlane/scripts/openroad/resizer.tcl |& tee /dev/null /openlane/designs/serv_opt/runs/RUN_2026.04.08_08.37.40/logs/placement/9-resizer.log"

Wed Apr 08 08:38:14 UTC 2026 - Executing "sed -i.bak -e {s/\(set ::env(CURRENT_NETLIST)\).*/\1 \/openlane\/designs\/serv_opt\/runs\/RUN_2026.04.08_08.37.40\/tmp\/placement\/9-resizer.nl.v/} /openlane/designs/serv_opt/runs/RUN_2026.04.08_08.37.40/config.tcl"

Wed Apr 08 08:38:14 UTC 2026 - Executing "openroad -exit /openlane/scripts/openroad/dpl.tcl |& tee /dev/null /openlane/designs/serv_opt/runs/RUN_2026.04.08_08.37.40/logs/placement/10-detailed.log"

Wed Apr 08 08:38:14 UTC 2026 - Executing "sed -i.bak -e {s/\(set ::env(CURRENT_NETLIST)\).*/\1 \/openlane\/designs\/serv_opt\/runs\/RUN_2026.04.08_08.37.40\/results\/placement\/serv_synth_wrapper.nl.v/} /openlane/designs/serv_opt/runs/RUN_2026.04.08_08.37.40/config.tcl"

Wed Apr 08 08:38:14 UTC 2026 - Executing "openroad -exit /openlane/scripts/openroad/sta/multi_corner.tcl |& tee /dev/null /openlane/designs/serv_opt/runs/RUN_2026.04.08_08.37.40/logs/placement/11-dpl_sta.log"

