OpenROAD 41a51eaf4ca2171c92ff38afb91eb37bbd3f36da 
This program is licensed under the BSD-3 license. See the LICENSE file for details.
Components of this program may be licensed under more restrictive licenses which must be honored.
[INFO]: Reading ODB at '/openlane/designs/serv_opt/runs/Routing/tmp/routing/21-fill.odb'…
define_corners Typical
read_liberty -corner Typical /home/ubuntu/.ciel/sky130A/libs.ref/sky130_fd_sc_hd/lib/sky130_fd_sc_hd__tt_025C_1v80.lib
Using 1e-12 for capacitance...
Using 1e+03 for resistance...
Using 1e-09 for time...
Using 1e+00 for voltage...
Using 1e-03 for current...
Using 1e-09 for power...
Using 1e-06 for distance...
Reading design constraints file at '/openlane/designs/serv_opt/runs/Routing/tmp/16-serv_synth_wrapper.sdc'…
[INFO ORD-0030] Using 2 thread(s).
[INFO DRT-0149] Reading tech and libs.

Units:                1000
Number of layers:     13
Number of macros:     441
Number of vias:       25
Number of viarulegen: 25

[INFO DRT-0150] Reading design.

Design:                   serv_synth_wrapper
Die area:                 ( 0 0 ) ( 156950 167670 )
Number of track patterns: 12
Number of DEF vias:       0
Number of components:     2935
Number of terminals:      199
Number of snets:          2
Number of nets:           1156

[INFO DRT-0167] List of default vias:
  Layer mcon
    default via: L1M1_PR
  Layer via
    default via: M1M2_PR
  Layer via2
    default via: M2M3_PR
  Layer via3
    default via: M3M4_PR
  Layer via4
    default via: M4M5_PR
[INFO DRT-0162] Library cell analysis.
[INFO DRT-0163] Instance analysis.
[INFO DRT-0164] Number of unique instances = 151.
[INFO DRT-0168] Init region query.
[INFO DRT-0024]   Complete FR_MASTERSLICE.
[INFO DRT-0024]   Complete licon.
[INFO DRT-0024]   Complete li1.
[INFO DRT-0024]   Complete mcon.
[INFO DRT-0024]   Complete met1.
[INFO DRT-0024]   Complete via.
[INFO DRT-0024]   Complete met2.
[INFO DRT-0024]   Complete via2.
[INFO DRT-0024]   Complete met3.
[INFO DRT-0024]   Complete via3.
[INFO DRT-0024]   Complete met4.
[INFO DRT-0024]   Complete via4.
[INFO DRT-0024]   Complete met5.
[INFO DRT-0033] FR_MASTERSLICE shape region query size = 0.
[INFO DRT-0033] licon shape region query size = 0.
[INFO DRT-0033] li1 shape region query size = 40200.
[INFO DRT-0033] mcon shape region query size = 8592.
[INFO DRT-0033] met1 shape region query size = 8696.
[INFO DRT-0033] via shape region query size = 1080.
[INFO DRT-0033] met2 shape region query size = 746.
[INFO DRT-0033] via2 shape region query size = 864.
[INFO DRT-0033] met3 shape region query size = 747.
[INFO DRT-0033] via3 shape region query size = 864.
[INFO DRT-0033] met4 shape region query size = 264.
[INFO DRT-0033] via4 shape region query size = 32.
[INFO DRT-0033] met5 shape region query size = 48.
[INFO DRT-0165] Start pin access.
[INFO DRT-0076]   Complete 100 pins.
[INFO DRT-0076]   Complete 200 pins.
[INFO DRT-0076]   Complete 300 pins.
[INFO DRT-0076]   Complete 400 pins.
[INFO DRT-0076]   Complete 500 pins.
[INFO DRT-0078]   Complete 516 pins.
[INFO DRT-0079]   Complete 100 unique inst patterns.
[INFO DRT-0081]   Complete 133 unique inst patterns.
[INFO DRT-0084]   Complete 767 groups.
#scanned instances     = 2935
#unique  instances     = 151
#stdCellGenAp          = 3894
#stdCellValidPlanarAp  = 0
#stdCellValidViaAp     = 3126
#stdCellPinNoAp        = 0
#stdCellPinCnt         = 3392
#instTermValidViaApCnt = 0
#macroGenAp            = 0
#macroValidPlanarAp    = 0
#macroValidViaAp       = 0
#macroNoAp             = 0
[INFO DRT-0166] Complete pin access.
[INFO DRT-0267] cpu time = 00:00:16, elapsed time = 00:00:08, memory = 126.77 (MB), peak = 126.45 (MB)

Number of guides:     8464

[INFO DRT-0169] Post process guides.
[INFO DRT-0176] GCELLGRID X 0 DO 22 STEP 6900 ;
[INFO DRT-0177] GCELLGRID Y 0 DO 24 STEP 6900 ;
[INFO DRT-0028]   Complete FR_MASTERSLICE.
[INFO DRT-0028]   Complete licon.
[INFO DRT-0028]   Complete li1.
[INFO DRT-0028]   Complete mcon.
[INFO DRT-0028]   Complete met1.
[INFO DRT-0028]   Complete via.
[INFO DRT-0028]   Complete met2.
[INFO DRT-0028]   Complete via2.
[INFO DRT-0028]   Complete met3.
[INFO DRT-0028]   Complete via3.
[INFO DRT-0028]   Complete met4.
[INFO DRT-0028]   Complete via4.
[INFO DRT-0028]   Complete met5.
[INFO DRT-0178] Init guide query.
[INFO DRT-0035]   Complete FR_MASTERSLICE (guide).
[INFO DRT-0035]   Complete licon (guide).
[INFO DRT-0035]   Complete li1 (guide).
[INFO DRT-0035]   Complete mcon (guide).
[INFO DRT-0035]   Complete met1 (guide).
[INFO DRT-0035]   Complete via (guide).
[INFO DRT-0035]   Complete met2 (guide).
[INFO DRT-0035]   Complete via2 (guide).
[INFO DRT-0035]   Complete met3 (guide).
[INFO DRT-0035]   Complete via3 (guide).
[INFO DRT-0035]   Complete met4 (guide).
[INFO DRT-0035]   Complete via4 (guide).
[INFO DRT-0035]   Complete met5 (guide).
[INFO DRT-0036] FR_MASTERSLICE guide region query size = 0.
[INFO DRT-0036] licon guide region query size = 0.
[INFO DRT-0036] li1 guide region query size = 2778.
[INFO DRT-0036] mcon guide region query size = 0.
[INFO DRT-0036] met1 guide region query size = 2193.
[INFO DRT-0036] via guide region query size = 0.
[INFO DRT-0036] met2 guide region query size = 1277.
[INFO DRT-0036] via2 guide region query size = 0.
[INFO DRT-0036] met3 guide region query size = 177.
[INFO DRT-0036] via3 guide region query size = 0.
[INFO DRT-0036] met4 guide region query size = 32.
[INFO DRT-0036] via4 guide region query size = 0.
[INFO DRT-0036] met5 guide region query size = 0.
[INFO DRT-0179] Init gr pin query.
[INFO DRT-0245] skipped writing guide updates to database.
[INFO DRT-0185] Post process initialize RPin region query.
[INFO DRT-0181] Start track assignment.
[INFO DRT-0184] Done with 4087 vertical wires in 1 frboxes and 2370 horizontal wires in 1 frboxes.
[INFO DRT-0186] Done with 499 vertical wires in 1 frboxes and 655 horizontal wires in 1 frboxes.
[INFO DRT-0182] Complete track assignment.
[INFO DRT-0267] cpu time = 00:00:00, elapsed time = 00:00:00, memory = 139.59 (MB), peak = 150.83 (MB)
[INFO DRT-0187] Start routing data preparation.
[INFO DRT-0267] cpu time = 00:00:00, elapsed time = 00:00:00, memory = 139.59 (MB), peak = 150.83 (MB)
[INFO DRT-0194] Start detail routing.
[INFO DRT-0195] Start 0th optimization iteration.
    Completing 10% with 0 violations.
    elapsed time = 00:00:01, memory = 195.88 (MB).
    Completing 20% with 0 violations.
    elapsed time = 00:00:03, memory = 227.47 (MB).
    Completing 30% with 153 violations.
    elapsed time = 00:00:03, memory = 192.15 (MB).
    Completing 40% with 153 violations.
    elapsed time = 00:00:04, memory = 237.67 (MB).
    Completing 50% with 153 violations.
    elapsed time = 00:00:05, memory = 226.64 (MB).
    Completing 60% with 285 violations.
    elapsed time = 00:00:07, memory = 235.75 (MB).
    Completing 70% with 285 violations.
    elapsed time = 00:00:08, memory = 224.86 (MB).
    Completing 80% with 428 violations.
    elapsed time = 00:00:08, memory = 214.29 (MB).
    Completing 90% with 428 violations.
    elapsed time = 00:00:08, memory = 219.25 (MB).
    Completing 100% with 620 violations.
    elapsed time = 00:00:16, memory = 198.53 (MB).
[INFO DRT-0199]   Number of violations = 856.
Viol/Layer         li1   met1   met2   met3
Metal Spacing        9     94     29     13
Recheck              1    124     89     22
Short                0    407     68      0
[INFO DRT-0267] cpu time = 00:00:21, elapsed time = 00:00:16, memory = 509.96 (MB), peak = 509.81 (MB)
Total wire length = 38843 um.
Total wire length on LAYER li1 = 0 um.
Total wire length on LAYER met1 = 17911 um.
Total wire length on LAYER met2 = 16807 um.
Total wire length on LAYER met3 = 2122 um.
Total wire length on LAYER met4 = 2000 um.
Total wire length on LAYER met5 = 0 um.
Total number of vias = 7360.
Up-via summary (total 7360):.

-----------------------
 FR_MASTERSLICE       0
            li1    3394
           met1    3701
           met2     213
           met3      52
           met4       0
-----------------------
                   7360


[INFO DRT-0195] Start 1st optimization iteration.
    Completing 10% with 856 violations.
    elapsed time = 00:00:00, memory = 522.90 (MB).
    Completing 20% with 856 violations.
    elapsed time = 00:00:03, memory = 522.90 (MB).
    Completing 30% with 776 violations.
    elapsed time = 00:00:03, memory = 522.90 (MB).
    Completing 40% with 776 violations.
    elapsed time = 00:00:04, memory = 551.31 (MB).
    Completing 50% with 776 violations.
    elapsed time = 00:00:06, memory = 556.98 (MB).
    Completing 60% with 697 violations.
    elapsed time = 00:00:07, memory = 544.70 (MB).
    Completing 70% with 697 violations.
    elapsed time = 00:00:10, memory = 554.47 (MB).
    Completing 80% with 554 violations.
    elapsed time = 00:00:10, memory = 514.17 (MB).
    Completing 90% with 554 violations.
    elapsed time = 00:00:11, memory = 531.04 (MB).
    Completing 100% with 415 violations.
    elapsed time = 00:00:14, memory = 531.04 (MB).
[INFO DRT-0199]   Number of violations = 415.
Viol/Layer        met1   met2
Metal Spacing       55     21
Short              317     22
[INFO DRT-0267] cpu time = 00:00:18, elapsed time = 00:00:14, memory = 531.21 (MB), peak = 556.81 (MB)
Total wire length = 38579 um.
Total wire length on LAYER li1 = 0 um.
Total wire length on LAYER met1 = 17694 um.
Total wire length on LAYER met2 = 16773 um.
Total wire length on LAYER met3 = 2114 um.
Total wire length on LAYER met4 = 1996 um.
Total wire length on LAYER met5 = 0 um.
Total number of vias = 7392.
Up-via summary (total 7392):.

-----------------------
 FR_MASTERSLICE       0
            li1    3394
           met1    3724
           met2     223
           met3      51
           met4       0
-----------------------
                   7392


[INFO DRT-0195] Start 2nd optimization iteration.
    Completing 10% with 415 violations.
    elapsed time = 00:00:00, memory = 531.21 (MB).
    Completing 20% with 415 violations.
    elapsed time = 00:00:00, memory = 544.59 (MB).
    Completing 30% with 408 violations.
    elapsed time = 00:00:07, memory = 499.12 (MB).
    Completing 40% with 408 violations.
    elapsed time = 00:00:07, memory = 503.70 (MB).
    Completing 50% with 408 violations.
    elapsed time = 00:00:09, memory = 545.98 (MB).
    Completing 60% with 453 violations.
    elapsed time = 00:00:09, memory = 503.63 (MB).
    Completing 70% with 453 violations.
    elapsed time = 00:00:10, memory = 536.85 (MB).
    Completing 80% with 453 violations.
    elapsed time = 00:00:11, memory = 536.85 (MB).
    Completing 90% with 420 violations.
    elapsed time = 00:00:12, memory = 549.41 (MB).
    Completing 100% with 440 violations.
    elapsed time = 00:00:14, memory = 506.27 (MB).
[INFO DRT-0199]   Number of violations = 440.
Viol/Layer        mcon   met1   met2
Cut Spacing          1      0      0
Metal Spacing        0     69     13
Min Hole             0      1      0
Short                0    309     47
[INFO DRT-0267] cpu time = 00:00:18, elapsed time = 00:00:14, memory = 506.46 (MB), peak = 567.50 (MB)
Total wire length = 38548 um.
Total wire length on LAYER li1 = 0 um.
Total wire length on LAYER met1 = 17688 um.
Total wire length on LAYER met2 = 16686 um.
Total wire length on LAYER met3 = 2146 um.
Total wire length on LAYER met4 = 2027 um.
Total wire length on LAYER met5 = 0 um.
Total number of vias = 7327.
Up-via summary (total 7327):.

-----------------------
 FR_MASTERSLICE       0
            li1    3394
           met1    3654
           met2     225
           met3      54
           met4       0
-----------------------
                   7327


[INFO DRT-0195] Start 3rd optimization iteration.
    Completing 10% with 440 violations.
    elapsed time = 00:00:00, memory = 532.27 (MB).
    Completing 20% with 440 violations.
    elapsed time = 00:00:02, memory = 560.63 (MB).
    Completing 30% with 278 violations.
    elapsed time = 00:00:02, memory = 498.08 (MB).
    Completing 40% with 278 violations.
    elapsed time = 00:00:03, memory = 546.52 (MB).
    Completing 50% with 278 violations.
    elapsed time = 00:00:05, memory = 556.32 (MB).
    Completing 60% with 227 violations.
    elapsed time = 00:00:05, memory = 544.89 (MB).
    Completing 70% with 227 violations.
    elapsed time = 00:00:07, memory = 548.18 (MB).
    Completing 80% with 130 violations.
    elapsed time = 00:00:07, memory = 505.73 (MB).
    Completing 90% with 130 violations.
    elapsed time = 00:00:07, memory = 509.99 (MB).
    Completing 100% with 47 violations.
    elapsed time = 00:00:14, memory = 509.99 (MB).
[INFO DRT-0199]   Number of violations = 47.
Viol/Layer        met1
Metal Spacing        8
Short               39
[INFO DRT-0267] cpu time = 00:00:16, elapsed time = 00:00:15, memory = 509.99 (MB), peak = 571.55 (MB)
Total wire length = 38541 um.
Total wire length on LAYER li1 = 0 um.
Total wire length on LAYER met1 = 16793 um.
Total wire length on LAYER met2 = 16708 um.
Total wire length on LAYER met3 = 3015 um.
Total wire length on LAYER met4 = 2023 um.
Total wire length on LAYER met5 = 0 um.
Total number of vias = 7495.
Up-via summary (total 7495):.

-----------------------
 FR_MASTERSLICE       0
            li1    3394
           met1    3715
           met2     332
           met3      54
           met4       0
-----------------------
                   7495


[INFO DRT-0195] Start 4th optimization iteration.
    Completing 10% with 47 violations.
    elapsed time = 00:00:00, memory = 509.99 (MB).
    Completing 20% with 47 violations.
    elapsed time = 00:00:00, memory = 509.99 (MB).
    Completing 30% with 47 violations.
    elapsed time = 00:00:00, memory = 509.99 (MB).
    Completing 40% with 47 violations.
    elapsed time = 00:00:00, memory = 509.99 (MB).
    Completing 50% with 47 violations.
    elapsed time = 00:00:00, memory = 509.99 (MB).
    Completing 60% with 47 violations.
    elapsed time = 00:00:00, memory = 509.99 (MB).
    Completing 70% with 47 violations.
    elapsed time = 00:00:00, memory = 509.99 (MB).
    Completing 80% with 47 violations.
    elapsed time = 00:00:00, memory = 509.99 (MB).
    Completing 90% with 47 violations.
    elapsed time = 00:00:00, memory = 510.57 (MB).
    Completing 100% with 19 violations.
    elapsed time = 00:00:01, memory = 510.57 (MB).
[INFO DRT-0199]   Number of violations = 19.
Viol/Layer        met1
Metal Spacing        4
Short               15
[INFO DRT-0267] cpu time = 00:00:01, elapsed time = 00:00:01, memory = 510.57 (MB), peak = 571.55 (MB)
Total wire length = 38549 um.
Total wire length on LAYER li1 = 0 um.
Total wire length on LAYER met1 = 16803 um.
Total wire length on LAYER met2 = 16711 um.
Total wire length on LAYER met3 = 3011 um.
Total wire length on LAYER met4 = 2023 um.
Total wire length on LAYER met5 = 0 um.
Total number of vias = 7496.
Up-via summary (total 7496):.

-----------------------
 FR_MASTERSLICE       0
            li1    3394
           met1    3718
           met2     330
           met3      54
           met4       0
-----------------------
                   7496


[INFO DRT-0195] Start 5th optimization iteration.
    Completing 10% with 19 violations.
    elapsed time = 00:00:00, memory = 510.57 (MB).
    Completing 20% with 19 violations.
    elapsed time = 00:00:00, memory = 510.57 (MB).
    Completing 30% with 19 violations.
    elapsed time = 00:00:00, memory = 510.57 (MB).
    Completing 40% with 19 violations.
    elapsed time = 00:00:00, memory = 510.57 (MB).
    Completing 50% with 19 violations.
    elapsed time = 00:00:00, memory = 510.57 (MB).
    Completing 60% with 19 violations.
    elapsed time = 00:00:00, memory = 510.57 (MB).
    Completing 70% with 19 violations.
    elapsed time = 00:00:00, memory = 510.57 (MB).
    Completing 80% with 19 violations.
    elapsed time = 00:00:00, memory = 510.57 (MB).
    Completing 90% with 19 violations.
    elapsed time = 00:00:00, memory = 510.57 (MB).
    Completing 100% with 0 violations.
    elapsed time = 00:00:00, memory = 499.09 (MB).
[INFO DRT-0199]   Number of violations = 0.
[INFO DRT-0267] cpu time = 00:00:00, elapsed time = 00:00:00, memory = 499.09 (MB), peak = 571.55 (MB)
Total wire length = 38540 um.
Total wire length on LAYER li1 = 0 um.
Total wire length on LAYER met1 = 16795 um.
Total wire length on LAYER met2 = 16710 um.
Total wire length on LAYER met3 = 3011 um.
Total wire length on LAYER met4 = 2023 um.
Total wire length on LAYER met5 = 0 um.
Total number of vias = 7495.
Up-via summary (total 7495):.

-----------------------
 FR_MASTERSLICE       0
            li1    3394
           met1    3717
           met2     330
           met3      54
           met4       0
-----------------------
                   7495


[INFO DRT-0198] Complete detail routing.
Total wire length = 38540 um.
Total wire length on LAYER li1 = 0 um.
Total wire length on LAYER met1 = 16795 um.
Total wire length on LAYER met2 = 16710 um.
Total wire length on LAYER met3 = 3011 um.
Total wire length on LAYER met4 = 2023 um.
Total wire length on LAYER met5 = 0 um.
Total number of vias = 7495.
Up-via summary (total 7495):.

-----------------------
 FR_MASTERSLICE       0
            li1    3394
           met1    3717
           met2     330
           met3      54
           met4       0
-----------------------
                   7495


[INFO DRT-0267] cpu time = 00:01:17, elapsed time = 00:01:02, memory = 499.09 (MB), peak = 571.55 (MB)

[INFO DRT-0180] Post processing.
Setting global connections for newly added cells…
Writing OpenROAD database to '/openlane/designs/serv_opt/runs/Routing/results/routing/serv_synth_wrapper.odb'…
Writing netlist to '/openlane/designs/serv_opt/runs/Routing/results/routing/serv_synth_wrapper.nl.v'…
Writing powered netlist to '/openlane/designs/serv_opt/runs/Routing/results/routing/serv_synth_wrapper.pnl.v'…
Writing layout to '/openlane/designs/serv_opt/runs/Routing/results/routing/serv_synth_wrapper.def'…
