Analysis & Elaboration report for Serv_UART_Simulation
Tue Apr 28 02:05:35 2026
Quartus Prime Version 17.1.0 Build 590 10/25/2017 SJ Lite Edition


---------------------
; Table of Contents ;
---------------------
  1. Legal Notice
  2. Analysis & Elaboration Summary
  3. Parallel Compilation
  4. Parameter Settings for User Entity Instance: serv_rf_top:cpu
  5. Parameter Settings for User Entity Instance: serv_rf_top:cpu|serv_rf_ram_if:rf_ram_if
  6. Parameter Settings for User Entity Instance: serv_rf_top:cpu|serv_rf_ram:rf_ram
  7. Parameter Settings for User Entity Instance: serv_rf_top:cpu|serv_top:cpu
  8. Parameter Settings for User Entity Instance: serv_rf_top:cpu|serv_top:cpu|serv_state:state
  9. Parameter Settings for User Entity Instance: serv_rf_top:cpu|serv_top:cpu|serv_decode:decode
 10. Parameter Settings for User Entity Instance: serv_rf_top:cpu|serv_top:cpu|serv_immdec:immdec
 11. Parameter Settings for User Entity Instance: serv_rf_top:cpu|serv_top:cpu|serv_bufreg:bufreg
 12. Parameter Settings for User Entity Instance: serv_rf_top:cpu|serv_top:cpu|serv_bufreg2:bufreg2
 13. Parameter Settings for User Entity Instance: serv_rf_top:cpu|serv_top:cpu|serv_ctrl:ctrl
 14. Parameter Settings for User Entity Instance: serv_rf_top:cpu|serv_top:cpu|serv_alu:alu
 15. Parameter Settings for User Entity Instance: serv_rf_top:cpu|serv_top:cpu|serv_rf_if:rf_if
 16. Parameter Settings for User Entity Instance: serv_rf_top:cpu|serv_top:cpu|serv_mem_if:mem_if
 17. Parameter Settings for User Entity Instance: serv_rf_top:cpu|serv_top:cpu|serv_csr:gen_csr.csr
 18. Parameter Settings for User Entity Instance: simpleuart:uart_inst
 19. Analysis & Elaboration Settings
 20. Port Connectivity Checks: "simpleuart:uart_inst"
 21. Port Connectivity Checks: "serv_rf_top:cpu|serv_top:cpu|serv_ctrl:ctrl"
 22. Port Connectivity Checks: "serv_rf_top:cpu"
 23. Analysis & Elaboration Messages



----------------
; Legal Notice ;
----------------
Copyright (C) 2017  Intel Corporation. All rights reserved.
Your use of Intel Corporation's design tools, logic functions 
and other software and tools, and its AMPP partner logic 
functions, and any output files from any of the foregoing 
(including device programming or simulation files), and any 
associated documentation or information are expressly subject 
to the terms and conditions of the Intel Program License 
Subscription Agreement, the Intel Quartus Prime License Agreement,
the Intel FPGA IP License Agreement, or other applicable license
agreement, including, without limitation, that your use is for
the sole purpose of programming logic devices manufactured by
Intel and sold by Intel or its authorized distributors.  Please
refer to the applicable agreement for further details.



+-----------------------------------------------------------------------------+
; Analysis & Elaboration Summary                                              ;
+-------------------------------+---------------------------------------------+
; Analysis & Elaboration Status ; Successful - Tue Apr 28 02:05:35 2026       ;
; Quartus Prime Version         ; 17.1.0 Build 590 10/25/2017 SJ Lite Edition ;
; Revision Name                 ; Serv_UART_Simulation                        ;
; Top-level Entity Name         ; system_top                                  ;
; Family                        ; Cyclone V                                   ;
; Logic utilization (in ALMs)   ; N/A until Partition Merge                   ;
; Total registers               ; N/A until Partition Merge                   ;
; Total pins                    ; N/A until Partition Merge                   ;
; Total virtual pins            ; N/A until Partition Merge                   ;
; Total block memory bits       ; N/A until Partition Merge                   ;
; Total PLLs                    ; N/A until Partition Merge                   ;
; Total DLLs                    ; N/A until Partition Merge                   ;
+-------------------------------+---------------------------------------------+


+------------------------------------------+
; Parallel Compilation                     ;
+----------------------------+-------------+
; Processors                 ; Number      ;
+----------------------------+-------------+
; Number detected on machine ; 20          ;
; Maximum allowed            ; 14          ;
;                            ;             ;
; Average used               ; 1.00        ;
; Maximum used               ; 1           ;
;                            ;             ;
; Usage by Processor         ; % Time Used ;
;     Processor 1            ; 100.0%      ;
+----------------------------+-------------+


+---------------------------------------------------------------------+
; Parameter Settings for User Entity Instance: serv_rf_top:cpu        ;
+----------------+----------------------------------+-----------------+
; Parameter Name ; Value                            ; Type            ;
+----------------+----------------------------------+-----------------+
; RESET_PC       ; 00000000000000000000000000000000 ; Unsigned Binary ;
; COMPRESSED     ; 0                                ; Unsigned Binary ;
; ALIGN          ; 0                                ; Unsigned Binary ;
; MDU            ; 0                                ; Unsigned Binary ;
; PRE_REGISTER   ; 1                                ; Signed Integer  ;
; RESET_STRATEGY ; MINI                             ; String          ;
; DEBUG          ; 0                                ; Unsigned Binary ;
; WITH_CSR       ; 1                                ; Signed Integer  ;
; W              ; 1                                ; Signed Integer  ;
; RF_WIDTH       ; 2                                ; Signed Integer  ;
; RF_L2D         ; 10                               ; Signed Integer  ;
+----------------+----------------------------------+-----------------+
Note: In order to hide this table in the UI and the text report file, please set the "Show Parameter Settings in Synthesis Report" option in "Analysis and Synthesis Settings -> More Settings" to "Off".


+---------------------------------------------------------------------------------------+
; Parameter Settings for User Entity Instance: serv_rf_top:cpu|serv_rf_ram_if:rf_ram_if ;
+----------------+-------+--------------------------------------------------------------+
; Parameter Name ; Value ; Type                                                         ;
+----------------+-------+--------------------------------------------------------------+
; width          ; 2     ; Signed Integer                                               ;
; W              ; 1     ; Signed Integer                                               ;
; reset_strategy ; MINI  ; String                                                       ;
; csr_regs       ; 4     ; Signed Integer                                               ;
; B              ; 0     ; Signed Integer                                               ;
; raw            ; 6     ; Signed Integer                                               ;
; l2w            ; 1     ; Signed Integer                                               ;
; aw             ; 10    ; Signed Integer                                               ;
+----------------+-------+--------------------------------------------------------------+
Note: In order to hide this table in the UI and the text report file, please set the "Show Parameter Settings in Synthesis Report" option in "Analysis and Synthesis Settings -> More Settings" to "Off".


+---------------------------------------------------------------------------------+
; Parameter Settings for User Entity Instance: serv_rf_top:cpu|serv_rf_ram:rf_ram ;
+----------------+-------+--------------------------------------------------------+
; Parameter Name ; Value ; Type                                                   ;
+----------------+-------+--------------------------------------------------------+
; width          ; 2     ; Signed Integer                                         ;
; csr_regs       ; 4     ; Signed Integer                                         ;
; depth          ; 576   ; Signed Integer                                         ;
+----------------+-------+--------------------------------------------------------+
Note: In order to hide this table in the UI and the text report file, please set the "Show Parameter Settings in Synthesis Report" option in "Analysis and Synthesis Settings -> More Settings" to "Off".


+---------------------------------------------------------------------------+
; Parameter Settings for User Entity Instance: serv_rf_top:cpu|serv_top:cpu ;
+----------------+----------------------------------+-----------------------+
; Parameter Name ; Value                            ; Type                  ;
+----------------+----------------------------------+-----------------------+
; WITH_CSR       ; 1                                ; Signed Integer        ;
; W              ; 1                                ; Signed Integer        ;
; B              ; 0                                ; Signed Integer        ;
; PRE_REGISTER   ; 1                                ; Signed Integer        ;
; RESET_STRATEGY ; MINI                             ; String                ;
; RESET_PC       ; 00000000000000000000000000000000 ; Unsigned Binary       ;
; DEBUG          ; 0                                ; Unsigned Binary       ;
; MDU            ; 0                                ; Unsigned Binary       ;
; COMPRESSED     ; 0                                ; Unsigned Binary       ;
; ALIGN          ; 0                                ; Unsigned Binary       ;
+----------------+----------------------------------+-----------------------+
Note: In order to hide this table in the UI and the text report file, please set the "Show Parameter Settings in Synthesis Report" option in "Analysis and Synthesis Settings -> More Settings" to "Off".


+--------------------------------------------------------------------------------------------+
; Parameter Settings for User Entity Instance: serv_rf_top:cpu|serv_top:cpu|serv_state:state ;
+----------------+-------+-------------------------------------------------------------------+
; Parameter Name ; Value ; Type                                                              ;
+----------------+-------+-------------------------------------------------------------------+
; RESET_STRATEGY ; MINI  ; String                                                            ;
; WITH_CSR       ; 1     ; Unsigned Binary                                                   ;
; ALIGN          ; 0     ; Unsigned Binary                                                   ;
; MDU            ; 0     ; Unsigned Binary                                                   ;
; W              ; 1     ; Signed Integer                                                    ;
+----------------+-------+-------------------------------------------------------------------+
Note: In order to hide this table in the UI and the text report file, please set the "Show Parameter Settings in Synthesis Report" option in "Analysis and Synthesis Settings -> More Settings" to "Off".


+----------------------------------------------------------------------------------------------+
; Parameter Settings for User Entity Instance: serv_rf_top:cpu|serv_top:cpu|serv_decode:decode ;
+----------------+-------+---------------------------------------------------------------------+
; Parameter Name ; Value ; Type                                                                ;
+----------------+-------+---------------------------------------------------------------------+
; PRE_REGISTER   ; 1     ; Signed Integer                                                      ;
; MDU            ; 0     ; Unsigned Binary                                                     ;
+----------------+-------+---------------------------------------------------------------------+
Note: In order to hide this table in the UI and the text report file, please set the "Show Parameter Settings in Synthesis Report" option in "Analysis and Synthesis Settings -> More Settings" to "Off".


+----------------------------------------------------------------------------------------------+
; Parameter Settings for User Entity Instance: serv_rf_top:cpu|serv_top:cpu|serv_immdec:immdec ;
+------------------------+-------+-------------------------------------------------------------+
; Parameter Name         ; Value ; Type                                                        ;
+------------------------+-------+-------------------------------------------------------------+
; SHARED_RFADDR_IMM_REGS ; 1     ; Signed Integer                                              ;
; W                      ; 1     ; Signed Integer                                              ;
+------------------------+-------+-------------------------------------------------------------+
Note: In order to hide this table in the UI and the text report file, please set the "Show Parameter Settings in Synthesis Report" option in "Analysis and Synthesis Settings -> More Settings" to "Off".


+----------------------------------------------------------------------------------------------+
; Parameter Settings for User Entity Instance: serv_rf_top:cpu|serv_top:cpu|serv_bufreg:bufreg ;
+----------------+-------+---------------------------------------------------------------------+
; Parameter Name ; Value ; Type                                                                ;
+----------------+-------+---------------------------------------------------------------------+
; MDU            ; 0     ; Unsigned Binary                                                     ;
; W              ; 1     ; Signed Integer                                                      ;
; B              ; 0     ; Signed Integer                                                      ;
+----------------+-------+---------------------------------------------------------------------+
Note: In order to hide this table in the UI and the text report file, please set the "Show Parameter Settings in Synthesis Report" option in "Analysis and Synthesis Settings -> More Settings" to "Off".


+------------------------------------------------------------------------------------------------+
; Parameter Settings for User Entity Instance: serv_rf_top:cpu|serv_top:cpu|serv_bufreg2:bufreg2 ;
+----------------+-------+-----------------------------------------------------------------------+
; Parameter Name ; Value ; Type                                                                  ;
+----------------+-------+-----------------------------------------------------------------------+
; W              ; 1     ; Signed Integer                                                        ;
; B              ; 0     ; Signed Integer                                                        ;
+----------------+-------+-----------------------------------------------------------------------+
Note: In order to hide this table in the UI and the text report file, please set the "Show Parameter Settings in Synthesis Report" option in "Analysis and Synthesis Settings -> More Settings" to "Off".


+------------------------------------------------------------------------------------------+
; Parameter Settings for User Entity Instance: serv_rf_top:cpu|serv_top:cpu|serv_ctrl:ctrl ;
+----------------+----------------------------------+--------------------------------------+
; Parameter Name ; Value                            ; Type                                 ;
+----------------+----------------------------------+--------------------------------------+
; RESET_STRATEGY ; MINI                             ; String                               ;
; RESET_PC       ; 00000000000000000000000000000000 ; Unsigned Binary                      ;
; WITH_CSR       ; 1                                ; Signed Integer                       ;
; W              ; 1                                ; Signed Integer                       ;
; B              ; 0                                ; Signed Integer                       ;
+----------------+----------------------------------+--------------------------------------+
Note: In order to hide this table in the UI and the text report file, please set the "Show Parameter Settings in Synthesis Report" option in "Analysis and Synthesis Settings -> More Settings" to "Off".


+----------------------------------------------------------------------------------------+
; Parameter Settings for User Entity Instance: serv_rf_top:cpu|serv_top:cpu|serv_alu:alu ;
+----------------+-------+---------------------------------------------------------------+
; Parameter Name ; Value ; Type                                                          ;
+----------------+-------+---------------------------------------------------------------+
; W              ; 1     ; Signed Integer                                                ;
; B              ; 0     ; Signed Integer                                                ;
+----------------+-------+---------------------------------------------------------------+
Note: In order to hide this table in the UI and the text report file, please set the "Show Parameter Settings in Synthesis Report" option in "Analysis and Synthesis Settings -> More Settings" to "Off".


+--------------------------------------------------------------------------------------------+
; Parameter Settings for User Entity Instance: serv_rf_top:cpu|serv_top:cpu|serv_rf_if:rf_if ;
+----------------+-------+-------------------------------------------------------------------+
; Parameter Name ; Value ; Type                                                              ;
+----------------+-------+-------------------------------------------------------------------+
; WITH_CSR       ; 1     ; Signed Integer                                                    ;
; W              ; 1     ; Signed Integer                                                    ;
; B              ; 0     ; Signed Integer                                                    ;
+----------------+-------+-------------------------------------------------------------------+
Note: In order to hide this table in the UI and the text report file, please set the "Show Parameter Settings in Synthesis Report" option in "Analysis and Synthesis Settings -> More Settings" to "Off".


+----------------------------------------------------------------------------------------------+
; Parameter Settings for User Entity Instance: serv_rf_top:cpu|serv_top:cpu|serv_mem_if:mem_if ;
+----------------+-------+---------------------------------------------------------------------+
; Parameter Name ; Value ; Type                                                                ;
+----------------+-------+---------------------------------------------------------------------+
; WITH_CSR       ; 1     ; Unsigned Binary                                                     ;
; W              ; 1     ; Signed Integer                                                      ;
; B              ; 0     ; Signed Integer                                                      ;
+----------------+-------+---------------------------------------------------------------------+
Note: In order to hide this table in the UI and the text report file, please set the "Show Parameter Settings in Synthesis Report" option in "Analysis and Synthesis Settings -> More Settings" to "Off".


+------------------------------------------------------------------------------------------------+
; Parameter Settings for User Entity Instance: serv_rf_top:cpu|serv_top:cpu|serv_csr:gen_csr.csr ;
+----------------+-------+-----------------------------------------------------------------------+
; Parameter Name ; Value ; Type                                                                  ;
+----------------+-------+-----------------------------------------------------------------------+
; RESET_STRATEGY ; MINI  ; String                                                                ;
; W              ; 1     ; Signed Integer                                                        ;
; B              ; 0     ; Signed Integer                                                        ;
+----------------+-------+-----------------------------------------------------------------------+
Note: In order to hide this table in the UI and the text report file, please set the "Show Parameter Settings in Synthesis Report" option in "Analysis and Synthesis Settings -> More Settings" to "Off".


+-------------------------------------------------------------------+
; Parameter Settings for User Entity Instance: simpleuart:uart_inst ;
+----------------+------------------+-------------------------------+
; Parameter Name ; Value            ; Type                          ;
+----------------+------------------+-------------------------------+
; DEFAULT_DIV    ; 0000000011101010 ; Unsigned Binary               ;
+----------------+------------------+-------------------------------+
Note: In order to hide this table in the UI and the text report file, please set the "Show Parameter Settings in Synthesis Report" option in "Analysis and Synthesis Settings -> More Settings" to "Off".


+-----------------------------------------------------------------------------------------------------------------------------+
; Analysis & Elaboration Settings                                                                                             ;
+---------------------------------------------------------------------------------+--------------------+----------------------+
; Option                                                                          ; Setting            ; Default Value        ;
+---------------------------------------------------------------------------------+--------------------+----------------------+
; Device                                                                          ; 5CEFA7F31I7        ;                      ;
; Top-level entity name                                                           ; system_top         ; Serv_UART_Simulation ;
; Family name                                                                     ; Cyclone V          ; Cyclone V            ;
; Use smart compilation                                                           ; Off                ; Off                  ;
; Enable parallel Assembler and TimeQuest Timing Analyzer during compilation      ; On                 ; On                   ;
; Enable compact report table                                                     ; Off                ; Off                  ;
; Restructure Multiplexers                                                        ; Auto               ; Auto                 ;
; MLAB Add Timing Constraints For Mixed-Port Feed-Through Mode Setting Don't Care ; Off                ; Off                  ;
; Create Debugging Nodes for IP Cores                                             ; Off                ; Off                  ;
; Preserve fewer node names                                                       ; On                 ; On                   ;
; Intel FPGA IP Evaluation Mode                                                   ; Enable             ; Enable               ;
; Verilog Version                                                                 ; Verilog_2001       ; Verilog_2001         ;
; VHDL Version                                                                    ; VHDL_1993          ; VHDL_1993            ;
; State Machine Processing                                                        ; Auto               ; Auto                 ;
; Safe State Machine                                                              ; Off                ; Off                  ;
; Extract Verilog State Machines                                                  ; On                 ; On                   ;
; Extract VHDL State Machines                                                     ; On                 ; On                   ;
; Ignore Verilog initial constructs                                               ; Off                ; Off                  ;
; Iteration limit for constant Verilog loops                                      ; 5000               ; 5000                 ;
; Iteration limit for non-constant Verilog loops                                  ; 250                ; 250                  ;
; Add Pass-Through Logic to Inferred RAMs                                         ; On                 ; On                   ;
; Infer RAMs from Raw Logic                                                       ; On                 ; On                   ;
; Parallel Synthesis                                                              ; On                 ; On                   ;
; DSP Block Balancing                                                             ; Auto               ; Auto                 ;
; NOT Gate Push-Back                                                              ; On                 ; On                   ;
; Power-Up Don't Care                                                             ; On                 ; On                   ;
; Remove Redundant Logic Cells                                                    ; Off                ; Off                  ;
; Remove Duplicate Registers                                                      ; On                 ; On                   ;
; Ignore CARRY Buffers                                                            ; Off                ; Off                  ;
; Ignore CASCADE Buffers                                                          ; Off                ; Off                  ;
; Ignore GLOBAL Buffers                                                           ; Off                ; Off                  ;
; Ignore ROW GLOBAL Buffers                                                       ; Off                ; Off                  ;
; Ignore LCELL Buffers                                                            ; Off                ; Off                  ;
; Ignore SOFT Buffers                                                             ; On                 ; On                   ;
; Limit AHDL Integers to 32 Bits                                                  ; Off                ; Off                  ;
; Optimization Technique                                                          ; Balanced           ; Balanced             ;
; Carry Chain Length                                                              ; 70                 ; 70                   ;
; Auto Carry Chains                                                               ; On                 ; On                   ;
; Auto Open-Drain Pins                                                            ; On                 ; On                   ;
; Perform WYSIWYG Primitive Resynthesis                                           ; Off                ; Off                  ;
; Auto ROM Replacement                                                            ; On                 ; On                   ;
; Auto RAM Replacement                                                            ; On                 ; On                   ;
; Auto DSP Block Replacement                                                      ; On                 ; On                   ;
; Auto Shift Register Replacement                                                 ; Auto               ; Auto                 ;
; Allow Shift Register Merging across Hierarchies                                 ; Auto               ; Auto                 ;
; Auto Clock Enable Replacement                                                   ; On                 ; On                   ;
; Strict RAM Replacement                                                          ; Off                ; Off                  ;
; Allow Synchronous Control Signals                                               ; On                 ; On                   ;
; Force Use of Synchronous Clear Signals                                          ; Off                ; Off                  ;
; Auto Resource Sharing                                                           ; Off                ; Off                  ;
; Allow Any RAM Size For Recognition                                              ; Off                ; Off                  ;
; Allow Any ROM Size For Recognition                                              ; Off                ; Off                  ;
; Allow Any Shift Register Size For Recognition                                   ; Off                ; Off                  ;
; Use LogicLock Constraints during Resource Balancing                             ; On                 ; On                   ;
; Ignore translate_off and synthesis_off directives                               ; Off                ; Off                  ;
; Timing-Driven Synthesis                                                         ; On                 ; On                   ;
; Report Parameter Settings                                                       ; On                 ; On                   ;
; Report Source Assignments                                                       ; On                 ; On                   ;
; Report Connectivity Checks                                                      ; On                 ; On                   ;
; Ignore Maximum Fan-Out Assignments                                              ; Off                ; Off                  ;
; Synchronization Register Chain Length                                           ; 3                  ; 3                    ;
; Power Optimization During Synthesis                                             ; Normal compilation ; Normal compilation   ;
; HDL message level                                                               ; Level2             ; Level2               ;
; Suppress Register Optimization Related Messages                                 ; Off                ; Off                  ;
; Number of Removed Registers Reported in Synthesis Report                        ; 5000               ; 5000                 ;
; Number of Swept Nodes Reported in Synthesis Report                              ; 5000               ; 5000                 ;
; Number of Inverted Registers Reported in Synthesis Report                       ; 100                ; 100                  ;
; Clock MUX Protection                                                            ; On                 ; On                   ;
; Auto Gated Clock Conversion                                                     ; Off                ; Off                  ;
; Block Design Naming                                                             ; Auto               ; Auto                 ;
; SDC constraint protection                                                       ; Off                ; Off                  ;
; Synthesis Effort                                                                ; Auto               ; Auto                 ;
; Shift Register Replacement - Allow Asynchronous Clear Signal                    ; On                 ; On                   ;
; Pre-Mapping Resynthesis Optimization                                            ; Off                ; Off                  ;
; Analysis & Synthesis Message Level                                              ; Medium             ; Medium               ;
; Disable Register Merging Across Hierarchies                                     ; Auto               ; Auto                 ;
; Resource Aware Inference For Block RAM                                          ; On                 ; On                   ;
; Automatic Parallel Synthesis                                                    ; On                 ; On                   ;
; Partial Reconfiguration Bitstream ID                                            ; Off                ; Off                  ;
+---------------------------------------------------------------------------------+--------------------+----------------------+


+---------------------------------------------------------+
; Port Connectivity Checks: "simpleuart:uart_inst"        ;
+------------+--------+----------+------------------------+
; Port       ; Type   ; Severity ; Details                ;
+------------+--------+----------+------------------------+
; reg_div_we ; Input  ; Info     ; Stuck at GND           ;
; reg_div_di ; Input  ; Info     ; Stuck at GND           ;
; reg_div_do ; Output ; Info     ; Explicitly unconnected ;
+------------+--------+----------+------------------------+


+-------------------------------------------------------------------------+
; Port Connectivity Checks: "serv_rf_top:cpu|serv_top:cpu|serv_ctrl:ctrl" ;
+----------+-------+----------+-------------------------------------------+
; Port     ; Type  ; Severity ; Details                                   ;
+----------+-------+----------+-------------------------------------------+
; i_iscomp ; Input ; Info     ; Stuck at GND                              ;
+----------+-------+----------+-------------------------------------------+


+------------------------------------------------------------------------------------------------------------------------------+
; Port Connectivity Checks: "serv_rf_top:cpu"                                                                                  ;
+--------------------+--------+----------+-------------------------------------------------------------------------------------+
; Port               ; Type   ; Severity ; Details                                                                             ;
+--------------------+--------+----------+-------------------------------------------------------------------------------------+
; i_timer_irq        ; Input  ; Info     ; Stuck at GND                                                                        ;
; o_ibus_adr[31..14] ; Output ; Info     ; Connected to dangling logic. Logic that only feeds a dangling port will be removed. ;
; o_ibus_adr[1..0]   ; Output ; Info     ; Connected to dangling logic. Logic that only feeds a dangling port will be removed. ;
; o_dbus_adr[27..14] ; Output ; Info     ; Connected to dangling logic. Logic that only feeds a dangling port will be removed. ;
; o_dbus_adr[1..0]   ; Output ; Info     ; Connected to dangling logic. Logic that only feeds a dangling port will be removed. ;
; o_ext_rs1          ; Output ; Info     ; Explicitly unconnected                                                              ;
; o_ext_rs2          ; Output ; Info     ; Explicitly unconnected                                                              ;
; o_ext_funct3       ; Output ; Info     ; Explicitly unconnected                                                              ;
; i_ext_rd           ; Input  ; Info     ; Stuck at GND                                                                        ;
; i_ext_ready        ; Input  ; Info     ; Stuck at GND                                                                        ;
; o_mdu_valid        ; Output ; Info     ; Explicitly unconnected                                                              ;
+--------------------+--------+----------+-------------------------------------------------------------------------------------+


+---------------------------------+
; Analysis & Elaboration Messages ;
+---------------------------------+
Info: *******************************************************************
Info: Running Quartus Prime Analysis & Elaboration
    Info: Version 17.1.0 Build 590 10/25/2017 SJ Lite Edition
    Info: Processing started: Tue Apr 28 02:05:28 2026
Info: Command: quartus_map --read_settings_files=on --write_settings_files=off Serv_UART_Simulation -c Serv_UART_Simulation --analysis_and_elaboration
Warning (18236): Number of processors has not been specified which may cause overloading on shared machines.  Set the global assignment NUM_PARALLEL_PROCESSORS in your QSF to an appropriate value for best performance.
Info (20030): Parallel compilation is enabled and will use 14 of the 14 processors detected
Info (12021): Found 1 design units, including 1 entities, in source file tb_system_top.v
    Info (12023): Found entity 1: tb_system_top File: C:/Users/admin/Desktop/Serv_UART_Simulation/tb_system_top.v Line: 16
Warning (10335): Unrecognized synthesis attribute "rom_style" at system_top.v(100) File: C:/Users/admin/Desktop/Serv_UART_Simulation/system_top.v Line: 100
Warning (10335): Unrecognized synthesis attribute "rom_style" at system_top.v(101) File: C:/Users/admin/Desktop/Serv_UART_Simulation/system_top.v Line: 101
Warning (10335): Unrecognized synthesis attribute "rom_style" at system_top.v(102) File: C:/Users/admin/Desktop/Serv_UART_Simulation/system_top.v Line: 102
Warning (10335): Unrecognized synthesis attribute "rom_style" at system_top.v(103) File: C:/Users/admin/Desktop/Serv_UART_Simulation/system_top.v Line: 103
Warning (10335): Unrecognized synthesis attribute "ram_style" at system_top.v(108) File: C:/Users/admin/Desktop/Serv_UART_Simulation/system_top.v Line: 108
Warning (10335): Unrecognized synthesis attribute "ram_style" at system_top.v(109) File: C:/Users/admin/Desktop/Serv_UART_Simulation/system_top.v Line: 109
Warning (10335): Unrecognized synthesis attribute "ram_style" at system_top.v(110) File: C:/Users/admin/Desktop/Serv_UART_Simulation/system_top.v Line: 110
Warning (10335): Unrecognized synthesis attribute "ram_style" at system_top.v(111) File: C:/Users/admin/Desktop/Serv_UART_Simulation/system_top.v Line: 111
Info (12021): Found 1 design units, including 1 entities, in source file system_top.v
    Info (12023): Found entity 1: system_top File: C:/Users/admin/Desktop/Serv_UART_Simulation/system_top.v Line: 24
Info (12021): Found 1 design units, including 1 entities, in source file simpleuart.v
    Info (12023): Found entity 1: simpleuart File: C:/Users/admin/Desktop/Serv_UART_Simulation/simpleuart.v Line: 20
Info (12021): Found 1 design units, including 1 entities, in source file serv_top.v
    Info (12023): Found entity 1: serv_top File: C:/Users/admin/Desktop/Serv_UART_Simulation/serv_top.v Line: 9
Info (12021): Found 1 design units, including 1 entities, in source file serv_synth_wrapper.v
    Info (12023): Found entity 1: serv_synth_wrapper File: C:/Users/admin/Desktop/Serv_UART_Simulation/serv_synth_wrapper.v Line: 9
Info (12021): Found 1 design units, including 1 entities, in source file serv_state.v
    Info (12023): Found entity 1: serv_state File: C:/Users/admin/Desktop/Serv_UART_Simulation/serv_state.v Line: 7
Info (12021): Found 1 design units, including 1 entities, in source file serv_rf_top.v
    Info (12023): Found entity 1: serv_rf_top File: C:/Users/admin/Desktop/Serv_UART_Simulation/serv_rf_top.v Line: 9
Info (12021): Found 1 design units, including 1 entities, in source file serv_rf_ram_if.v
    Info (12023): Found entity 1: serv_rf_ram_if File: C:/Users/admin/Desktop/Serv_UART_Simulation/serv_rf_ram_if.v Line: 8
Info (12021): Found 1 design units, including 1 entities, in source file serv_rf_ram.v
    Info (12023): Found entity 1: serv_rf_ram File: C:/Users/admin/Desktop/Serv_UART_Simulation/serv_rf_ram.v Line: 7
Info (12021): Found 1 design units, including 1 entities, in source file serv_rf_if.v
    Info (12023): Found entity 1: serv_rf_if File: C:/Users/admin/Desktop/Serv_UART_Simulation/serv_rf_if.v Line: 8
Info (12021): Found 1 design units, including 1 entities, in source file serv_mem_if.v
    Info (12023): Found entity 1: serv_mem_if File: C:/Users/admin/Desktop/Serv_UART_Simulation/serv_mem_if.v Line: 8
Info (12021): Found 1 design units, including 1 entities, in source file serv_immdec.v
    Info (12023): Found entity 1: serv_immdec File: C:/Users/admin/Desktop/Serv_UART_Simulation/serv_immdec.v Line: 8
Info (12021): Found 1 design units, including 1 entities, in source file serv_decode.v
    Info (12023): Found entity 1: serv_decode File: C:/Users/admin/Desktop/Serv_UART_Simulation/serv_decode.v Line: 8
Info (12021): Found 1 design units, including 1 entities, in source file serv_debug.v
    Info (12023): Found entity 1: serv_debug File: C:/Users/admin/Desktop/Serv_UART_Simulation/serv_debug.v Line: 7
Info (12021): Found 1 design units, including 1 entities, in source file serv_ctrl.v
    Info (12023): Found entity 1: serv_ctrl File: C:/Users/admin/Desktop/Serv_UART_Simulation/serv_ctrl.v Line: 8
Info (12021): Found 1 design units, including 1 entities, in source file serv_csr.v
    Info (12023): Found entity 1: serv_csr File: C:/Users/admin/Desktop/Serv_UART_Simulation/serv_csr.v Line: 8
Info (12021): Found 1 design units, including 1 entities, in source file serv_compdec.v
    Info (12023): Found entity 1: serv_compdec File: C:/Users/admin/Desktop/Serv_UART_Simulation/serv_compdec.v Line: 10
Info (12021): Found 1 design units, including 1 entities, in source file serv_bufreg2.v
    Info (12023): Found entity 1: serv_bufreg2 File: C:/Users/admin/Desktop/Serv_UART_Simulation/serv_bufreg2.v Line: 7
Info (12021): Found 1 design units, including 1 entities, in source file serv_bufreg.v
    Info (12023): Found entity 1: serv_bufreg File: C:/Users/admin/Desktop/Serv_UART_Simulation/serv_bufreg.v Line: 7
Info (12021): Found 1 design units, including 1 entities, in source file serv_alu.v
    Info (12023): Found entity 1: serv_alu File: C:/Users/admin/Desktop/Serv_UART_Simulation/serv_alu.v Line: 8
Info (12021): Found 1 design units, including 1 entities, in source file serv_aligner.v
    Info (12023): Found entity 1: serv_aligner File: C:/Users/admin/Desktop/Serv_UART_Simulation/serv_aligner.v Line: 7
Info (12127): Elaborating entity "system_top" for the top level hierarchy
Warning (10030): Net "imem0.data_a" at system_top.v(100) has no driver or initial value, using a default initial value '0' File: C:/Users/admin/Desktop/Serv_UART_Simulation/system_top.v Line: 100
Warning (10030): Net "imem0.waddr_a" at system_top.v(100) has no driver or initial value, using a default initial value '0' File: C:/Users/admin/Desktop/Serv_UART_Simulation/system_top.v Line: 100
Warning (10030): Net "imem1.data_a" at system_top.v(101) has no driver or initial value, using a default initial value '0' File: C:/Users/admin/Desktop/Serv_UART_Simulation/system_top.v Line: 101
Warning (10030): Net "imem1.waddr_a" at system_top.v(101) has no driver or initial value, using a default initial value '0' File: C:/Users/admin/Desktop/Serv_UART_Simulation/system_top.v Line: 101
Warning (10030): Net "imem2.data_a" at system_top.v(102) has no driver or initial value, using a default initial value '0' File: C:/Users/admin/Desktop/Serv_UART_Simulation/system_top.v Line: 102
Warning (10030): Net "imem2.waddr_a" at system_top.v(102) has no driver or initial value, using a default initial value '0' File: C:/Users/admin/Desktop/Serv_UART_Simulation/system_top.v Line: 102
Warning (10030): Net "imem3.data_a" at system_top.v(103) has no driver or initial value, using a default initial value '0' File: C:/Users/admin/Desktop/Serv_UART_Simulation/system_top.v Line: 103
Warning (10030): Net "imem3.waddr_a" at system_top.v(103) has no driver or initial value, using a default initial value '0' File: C:/Users/admin/Desktop/Serv_UART_Simulation/system_top.v Line: 103
Warning (10030): Net "imem0.we_a" at system_top.v(100) has no driver or initial value, using a default initial value '0' File: C:/Users/admin/Desktop/Serv_UART_Simulation/system_top.v Line: 100
Warning (10030): Net "imem1.we_a" at system_top.v(101) has no driver or initial value, using a default initial value '0' File: C:/Users/admin/Desktop/Serv_UART_Simulation/system_top.v Line: 101
Warning (10030): Net "imem2.we_a" at system_top.v(102) has no driver or initial value, using a default initial value '0' File: C:/Users/admin/Desktop/Serv_UART_Simulation/system_top.v Line: 102
Warning (10030): Net "imem3.we_a" at system_top.v(103) has no driver or initial value, using a default initial value '0' File: C:/Users/admin/Desktop/Serv_UART_Simulation/system_top.v Line: 103
Info (12128): Elaborating entity "serv_rf_top" for hierarchy "serv_rf_top:cpu" File: C:/Users/admin/Desktop/Serv_UART_Simulation/system_top.v Line: 81
Info (12128): Elaborating entity "serv_rf_ram_if" for hierarchy "serv_rf_top:cpu|serv_rf_ram_if:rf_ram_if" File: C:/Users/admin/Desktop/Serv_UART_Simulation/serv_rf_top.v Line: 138
Warning (10230): Verilog HDL assignment warning at serv_rf_ram_if.v(100): truncated value with size 32 to match size of target (5) File: C:/Users/admin/Desktop/Serv_UART_Simulation/serv_rf_ram_if.v Line: 100
Info (12128): Elaborating entity "serv_rf_ram" for hierarchy "serv_rf_top:cpu|serv_rf_ram:rf_ram" File: C:/Users/admin/Desktop/Serv_UART_Simulation/serv_rf_top.v Line: 150
Info (12128): Elaborating entity "serv_top" for hierarchy "serv_rf_top:cpu|serv_top:cpu" File: C:/Users/admin/Desktop/Serv_UART_Simulation/serv_rf_top.v Line: 224
Info (12128): Elaborating entity "serv_state" for hierarchy "serv_rf_top:cpu|serv_top:cpu|serv_state:state" File: C:/Users/admin/Desktop/Serv_UART_Simulation/serv_top.v Line: 290
Info (12128): Elaborating entity "serv_decode" for hierarchy "serv_rf_top:cpu|serv_top:cpu|serv_decode:decode" File: C:/Users/admin/Desktop/Serv_UART_Simulation/serv_top.v Line: 355
Info (12128): Elaborating entity "serv_immdec" for hierarchy "serv_rf_top:cpu|serv_top:cpu|serv_immdec:immdec" File: C:/Users/admin/Desktop/Serv_UART_Simulation/serv_top.v Line: 375
Info (12128): Elaborating entity "serv_bufreg" for hierarchy "serv_rf_top:cpu|serv_top:cpu|serv_bufreg:bufreg" File: C:/Users/admin/Desktop/Serv_UART_Simulation/serv_top.v Line: 405
Info (12128): Elaborating entity "serv_bufreg2" for hierarchy "serv_rf_top:cpu|serv_top:cpu|serv_bufreg2:bufreg2" File: C:/Users/admin/Desktop/Serv_UART_Simulation/serv_top.v Line: 430
Info (12128): Elaborating entity "serv_ctrl" for hierarchy "serv_rf_top:cpu|serv_top:cpu|serv_ctrl:ctrl" File: C:/Users/admin/Desktop/Serv_UART_Simulation/serv_top.v Line: 461
Info (12128): Elaborating entity "serv_alu" for hierarchy "serv_rf_top:cpu|serv_top:cpu|serv_alu:alu" File: C:/Users/admin/Desktop/Serv_UART_Simulation/serv_top.v Line: 480
Info (12128): Elaborating entity "serv_rf_if" for hierarchy "serv_rf_top:cpu|serv_top:cpu|serv_rf_if:rf_if" File: C:/Users/admin/Desktop/Serv_UART_Simulation/serv_top.v Line: 529
Info (12128): Elaborating entity "serv_mem_if" for hierarchy "serv_rf_top:cpu|serv_top:cpu|serv_mem_if:mem_if" File: C:/Users/admin/Desktop/Serv_UART_Simulation/serv_top.v Line: 550
Info (12128): Elaborating entity "serv_csr" for hierarchy "serv_rf_top:cpu|serv_top:cpu|serv_csr:gen_csr.csr" File: C:/Users/admin/Desktop/Serv_UART_Simulation/serv_top.v Line: 589
Info (12128): Elaborating entity "simpleuart" for hierarchy "simpleuart:uart_inst" File: C:/Users/admin/Desktop/Serv_UART_Simulation/system_top.v Line: 208
Warning (10230): Verilog HDL assignment warning at simpleuart.v(99): truncated value with size 32 to match size of target (4) File: C:/Users/admin/Desktop/Serv_UART_Simulation/simpleuart.v Line: 99
Warning (10230): Verilog HDL assignment warning at simpleuart.v(114): truncated value with size 32 to match size of target (10) File: C:/Users/admin/Desktop/Serv_UART_Simulation/simpleuart.v Line: 114
Warning (10230): Verilog HDL assignment warning at simpleuart.v(120): truncated value with size 32 to match size of target (10) File: C:/Users/admin/Desktop/Serv_UART_Simulation/simpleuart.v Line: 120
Warning (10230): Verilog HDL assignment warning at simpleuart.v(132): truncated value with size 32 to match size of target (4) File: C:/Users/admin/Desktop/Serv_UART_Simulation/simpleuart.v Line: 132
Info: Quartus Prime Analysis & Elaboration was successful. 0 errors, 26 warnings
    Info: Peak virtual memory: 4832 megabytes
    Info: Processing ended: Tue Apr 28 02:05:35 2026
    Info: Elapsed time: 00:00:07
    Info: Total CPU time (on all processors): 00:00:15


