OpenROAD 41a51eaf4ca2171c92ff38afb91eb37bbd3f36da 
This program is licensed under the BSD-3 license. See the LICENSE file for details.
Components of this program may be licensed under more restrictive licenses which must be honored.
[INFO]: Reading ODB at '/openlane/designs/serv_opt/runs/PLACEMENT_AREA_OPT/tmp/placement/7-global.odb'…
define_corners Slowest Typical Fastest
read_liberty -corner Slowest /home/ubuntu/.ciel/sky130A/libs.ref/sky130_fd_sc_hd/lib/sky130_fd_sc_hd__ss_100C_1v60.lib
read_liberty -corner Typical /home/ubuntu/.ciel/sky130A/libs.ref/sky130_fd_sc_hd/lib/sky130_fd_sc_hd__tt_025C_1v80.lib
read_liberty -corner Fastest /home/ubuntu/.ciel/sky130A/libs.ref/sky130_fd_sc_hd/lib/sky130_fd_sc_hd__ff_n40C_1v95.lib
Using 1e-12 for capacitance...
Using 1e+03 for resistance...
Using 1e-09 for time...
Using 1e+00 for voltage...
Using 1e-03 for current...
Using 1e-09 for power...
Using 1e-06 for distance...
Reading design constraints file at '/openlane/designs/serv_opt/runs/PLACEMENT_AREA_OPT/tmp/floorplan/3-initial_fp.sdc'…
[INFO]: Setting RC values...
[INFO RSZ-0027] Inserted 68 input buffers.
[INFO RSZ-0028] Inserted 124 output buffers.
[INFO RSZ-0058] Using max wire length 4508um.
[INFO RSZ-0034] Found 1 slew violations.
[INFO RSZ-0038] Inserted 1 buffers in 1 nets.
[INFO RSZ-0039] Resized 968 instances.
[INFO RSZ-0042] Inserted 2 tie sky130_fd_sc_hd__conb_1 instances.
Placement Analysis
---------------------------------
total displacement       2272.7 u
average displacement        1.6 u
max displacement           11.9 u
original HPWL           31061.7 u
legalized HPWL          32638.0 u
delta HPWL                    5 %

[INFO DPL-0020] Mirrored 378 instances
[INFO DPL-0021] HPWL before           32638.0 u
[INFO DPL-0022] HPWL after            32008.0 u
[INFO DPL-0023] HPWL delta               -1.9 %
Setting global connections for newly added cells…
Writing OpenROAD database to '/openlane/designs/serv_opt/runs/PLACEMENT_AREA_OPT/tmp/placement/9-resizer.odb'…
Writing netlist to '/openlane/designs/serv_opt/runs/PLACEMENT_AREA_OPT/tmp/placement/9-resizer.nl.v'…
Writing powered netlist to '/openlane/designs/serv_opt/runs/PLACEMENT_AREA_OPT/tmp/placement/9-resizer.pnl.v'…
Writing layout to '/openlane/designs/serv_opt/runs/PLACEMENT_AREA_OPT/tmp/placement/9-resizer.def'…
Writing timing constraints to '/openlane/designs/serv_opt/runs/PLACEMENT_AREA_OPT/tmp/placement/9-resizer.sdc'…
area_report

===========================================================================
report_design_area
============================================================================
Design area 10060 u^2 48% utilization.
area_report_end
