[INFO]: Run Directory: /openlane/designs/serv_opt/runs/RUN_2026.04.16_09.01.15
[INFO]: Saving runtime environment...
[INFO]: Preparing LEF files for the nom corner...
[INFO]: Preparing LEF files for the min corner...
[INFO]: Preparing LEF files for the max corner...
[INFO]: Running Synthesis (log: designs/serv_opt/runs/RUN_2026.04.16_09.01.15/logs/synthesis/1-synthesis.log)...
[INFO]: Running Single-Corner Static Timing Analysis (log: designs/serv_opt/runs/RUN_2026.04.16_09.01.15/logs/synthesis/2-sta.log)...
[INFO]: Running Initial Floorplanning (log: designs/serv_opt/runs/RUN_2026.04.16_09.01.15/logs/floorplan/3-initial_fp.log)...
[WARNING]: Current core area is too small for the power grid settings chosen. The power grid will be scaled down.
[INFO]: Floorplanned with width 145.82 and height 144.16.
[INFO]: Running IO Placement...
[INFO]: Running Tap/Decap Insertion (log: designs/serv_opt/runs/RUN_2026.04.16_09.01.15/logs/floorplan/5-tap.log)...
[INFO]: Power planning with power {VPWR} and ground {VGND}...
[INFO]: Generating PDN (log: designs/serv_opt/runs/RUN_2026.04.16_09.01.15/logs/floorplan/6-pdn.log)...
[INFO]: Running Global Placement (log: designs/serv_opt/runs/RUN_2026.04.16_09.01.15/logs/placement/7-global.log)...
[INFO]: Running Single-Corner Static Timing Analysis (log: designs/serv_opt/runs/RUN_2026.04.16_09.01.15/logs/placement/8-gpl_sta.log)...
[INFO]: Running Placement Resizer Design Optimizations (log: designs/serv_opt/runs/RUN_2026.04.16_09.01.15/logs/placement/9-resizer.log)...
[INFO]: Running Detailed Placement (log: designs/serv_opt/runs/RUN_2026.04.16_09.01.15/logs/placement/10-detailed.log)...
[INFO]: Running Single-Corner Static Timing Analysis (log: designs/serv_opt/runs/RUN_2026.04.16_09.01.15/logs/placement/11-dpl_sta.log)...
[INFO]: Running Global Routing Resizer Design Optimizations (log: designs/serv_opt/runs/RUN_2026.04.16_09.01.15/logs/routing/12-resizer_design.log)...
[INFO]: Running Single-Corner Static Timing Analysis (log: designs/serv_opt/runs/RUN_2026.04.16_09.01.15/logs/routing/13-rsz_design_sta.log)...
[INFO]: Running Global Routing Resizer Timing Optimizations (log: designs/serv_opt/runs/RUN_2026.04.16_09.01.15/logs/routing/14-resizer_timing.log)...
[INFO]: Running Single-Corner Static Timing Analysis (log: designs/serv_opt/runs/RUN_2026.04.16_09.01.15/logs/routing/15-rsz_timing_sta.log)...
[INFO]: Running Global Routing (log: designs/serv_opt/runs/RUN_2026.04.16_09.01.15/logs/routing/16-global.log)...
[INFO]: Starting OpenROAD Antenna Repair Iterations...
[INFO]: Writing Verilog (log: designs/serv_opt/runs/RUN_2026.04.16_09.01.15/logs/routing/16-global_write_netlist.log)...
[INFO]: Running Single-Corner Static Timing Analysis (log: designs/serv_opt/runs/RUN_2026.04.16_09.01.15/logs/routing/18-grt_sta.log)...
[INFO]: Running Fill Insertion (log: designs/serv_opt/runs/RUN_2026.04.16_09.01.15/logs/routing/19-fill.log)...
[INFO]: Running Detailed Routing (log: designs/serv_opt/runs/RUN_2026.04.16_09.01.15/logs/routing/20-detailed.log)...
[INFO]: No DRC violations after detailed routing.
[INFO]: Checking Wire Lengths (log: designs/serv_opt/runs/RUN_2026.04.16_09.01.15/logs/routing/21-wire_lengths.log)...
