OpenROAD 41a51eaf4ca2171c92ff38afb91eb37bbd3f36da 
This program is licensed under the BSD-3 license. See the LICENSE file for details.
Components of this program may be licensed under more restrictive licenses which must be honored.
[INFO ODB-0222] Reading LEF file: /openlane/designs/serv_opt/runs/Routing/tmp/merged.nom.lef
[INFO ODB-0223]     Created 14 technology layers
[INFO ODB-0224]     Created 25 technology vias
[INFO ODB-0225]     Created 441 library cells
[INFO ODB-0226] Finished LEF file:  /openlane/designs/serv_opt/runs/Routing/tmp/merged.nom.lef
[INFO ODB-0127] Reading DEF file: /openlane/designs/serv_opt/runs/Routing/tmp/signoff/25-serv_synth_wrapper.p.def
[INFO ODB-0128] Design: serv_synth_wrapper
[INFO ODB-0130]     Created 199 pins.
[INFO ODB-0131]     Created 2935 components and 14532 component-terminals.
[INFO ODB-0132]     Created 2 special nets and 11136 connections.
[INFO ODB-0133]     Created 1156 nets and 3394 connections.
[INFO ODB-0134] Finished DEF file: /openlane/designs/serv_opt/runs/Routing/tmp/signoff/25-serv_synth_wrapper.p.def
define_corners Typical
read_liberty -corner Typical /home/ubuntu/.ciel/sky130A/libs.ref/sky130_fd_sc_hd/lib/sky130_fd_sc_hd__tt_025C_1v80.lib
Using 1e-12 for capacitance...
Using 1e+03 for resistance...
Using 1e-09 for time...
Using 1e+00 for voltage...
Using 1e-03 for current...
Using 1e-09 for power...
Using 1e-06 for distance...
Reading design constraints file at '/openlane/designs/serv_opt/runs/Routing/tmp/16-serv_synth_wrapper.sdc'…
[WARNING] Did not save OpenROAD database!
Writing netlist to '/openlane/designs/serv_opt/runs/Routing/tmp/signoff/25-serv_synth_wrapper.nl.v'…
Writing powered netlist to '/openlane/designs/serv_opt/runs/Routing/tmp/signoff/25-serv_synth_wrapper.pnl.v'…
